Component: Arm Compiler for Embedded 6.18 Tool: armlink [5e4cc100]

==============================================================================

Section Cross References

    startup_stm32h743xx.o(STACK) refers (Special) to heapauxi.o(.text) for __use_two_region_memory
    startup_stm32h743xx.o(HEAP) refers (Special) to heapauxi.o(.text) for __use_two_region_memory
    startup_stm32h743xx.o(RESET) refers (Special) to heapauxi.o(.text) for __use_two_region_memory
    startup_stm32h743xx.o(RESET) refers to startup_stm32h743xx.o(STACK) for __initial_sp
    startup_stm32h743xx.o(RESET) refers to startup_stm32h743xx.o(.text) for Reset_Handler
    startup_stm32h743xx.o(RESET) refers to stm32h7xx_it.o(.text.NMI_Handler) for NMI_Handler
    startup_stm32h743xx.o(RESET) refers to stm32h7xx_it.o(.text.HardFault_Handler) for HardFault_Handler
    startup_stm32h743xx.o(RESET) refers to stm32h7xx_it.o(.text.MemManage_Handler) for MemManage_Handler
    startup_stm32h743xx.o(RESET) refers to stm32h7xx_it.o(.text.BusFault_Handler) for BusFault_Handler
    startup_stm32h743xx.o(RESET) refers to stm32h7xx_it.o(.text.UsageFault_Handler) for UsageFault_Handler
    startup_stm32h743xx.o(RESET) refers to port.o(.text.SVC_Handler) for SVC_Handler
    startup_stm32h743xx.o(RESET) refers to stm32h7xx_it.o(.text.DebugMon_Handler) for DebugMon_Handler
    startup_stm32h743xx.o(RESET) refers to port.o(.text.PendSV_Handler) for PendSV_Handler
    startup_stm32h743xx.o(RESET) refers to cmsis_os2.o(.text.SysTick_Handler) for SysTick_Handler
    startup_stm32h743xx.o(RESET) refers to stm32h7xx_it.o(.text.DMA1_Stream0_IRQHandler) for DMA1_Stream0_IRQHandler
    startup_stm32h743xx.o(RESET) refers to protocol.o(.text.TIM2_IRQHandler) for TIM2_IRQHandler
    startup_stm32h743xx.o(RESET) refers to stm32h7xx_it.o(.text.TIM6_DAC_IRQHandler) for TIM6_DAC_IRQHandler
    startup_stm32h743xx.o(RESET) refers to stm32h7xx_it.o(.text.OTG_FS_IRQHandler) for OTG_FS_IRQHandler
    startup_stm32h743xx.o(RESET) refers to stm32h7xx_it.o(.text.ADC3_IRQHandler) for ADC3_IRQHandler
    startup_stm32h743xx.o(.text) refers (Special) to heapauxi.o(.text) for __use_two_region_memory
    startup_stm32h743xx.o(.text) refers to system_stm32h7xx.o(.text.SystemInit) for SystemInit
    startup_stm32h743xx.o(.text) refers to __main.o(!!!main) for __main
    startup_stm32h743xx.o(.text) refers to startup_stm32h743xx.o(HEAP) for Heap_Mem
    startup_stm32h743xx.o(.text) refers to startup_stm32h743xx.o(STACK) for Stack_Mem
    main.o(.text.main) refers to stm32h7xx_hal.o(.text.HAL_Init) for HAL_Init
    main.o(.text.main) refers to main.o(.text.SystemClock_Config) for SystemClock_Config
    main.o(.text.main) refers to stm32h7xx_hal_gpio.o(.text.HAL_GPIO_WritePin) for HAL_GPIO_WritePin
    main.o(.text.main) refers to stm32h7xx_hal_gpio.o(.text.HAL_GPIO_Init) for HAL_GPIO_Init
    main.o(.text.main) refers to main.o(.bss.hadc3) for hadc3
    main.o(.text.main) refers to stm32h7xx_hal_adc.o(.text.HAL_ADC_Init) for HAL_ADC_Init
    main.o(.text.main) refers to stm32h7xx_hal_adc.o(.text.HAL_ADC_ConfigChannel) for HAL_ADC_ConfigChannel
    main.o(.text.main) refers to stm32h7xx_hal_cortex.o(.text.HAL_NVIC_SetPriority) for HAL_NVIC_SetPriority
    main.o(.text.main) refers to stm32h7xx_hal_cortex.o(.text.HAL_NVIC_EnableIRQ) for HAL_NVIC_EnableIRQ
    main.o(.text.main) refers to main.o(.bss..L_MergedGlobals) for .L_MergedGlobals
    main.o(.text.main) refers to stm32h7xx_hal_tim.o(.text.HAL_TIM_Base_Init) for HAL_TIM_Base_Init
    main.o(.text.main) refers to stm32h7xx_hal_tim.o(.text.HAL_TIM_ConfigClockSource) for HAL_TIM_ConfigClockSource
    main.o(.text.main) refers to stm32h7xx_hal_tim_ex.o(.text.HAL_TIMEx_MasterConfigSynchronization) for HAL_TIMEx_MasterConfigSynchronization
    main.o(.text.main) refers to cmsis_os2.o(.text.osKernelInitialize) for osKernelInitialize
    main.o(.text.main) refers to frond.o(.text.mainThread) for mainThread
    main.o(.text.main) refers to main.o(.rodata.defaultTask_attributes) for defaultTask_attributes
    main.o(.text.main) refers to cmsis_os2.o(.text.osThreadNew) for osThreadNew
    main.o(.text.main) refers to cmsis_os2.o(.text.osKernelStart) for osKernelStart
    main.o(.ARM.exidx.text.main) refers to main.o(.text.main) for [Anonymous Symbol]
    main.o(.text.SystemClock_Config) refers to rt_memclr_w.o(.text) for __aeabi_memclr4
    main.o(.text.SystemClock_Config) refers to stm32h7xx_hal_pwr_ex.o(.text.HAL_PWREx_ConfigSupply) for HAL_PWREx_ConfigSupply
    main.o(.text.SystemClock_Config) refers to stm32h7xx_hal_rcc.o(.text.HAL_RCC_OscConfig) for HAL_RCC_OscConfig
    main.o(.text.SystemClock_Config) refers to stm32h7xx_hal_rcc.o(.text.HAL_RCC_ClockConfig) for HAL_RCC_ClockConfig
    main.o(.ARM.exidx.text.SystemClock_Config) refers to main.o(.text.SystemClock_Config) for [Anonymous Symbol]
    main.o(.ARM.exidx.text.Error_Handler) refers to main.o(.text.Error_Handler) for [Anonymous Symbol]
[...]
    USBD_CoreFindIF                          0x08008119   Thumb Code     4  usbd_core.o(.text.USBD_CoreFindIF)
    USBD_CtlContinueRx                       0x08008121   Thumb Code    16  usbd_ioreq.o(.text.USBD_CtlContinueRx)
    USBD_CtlContinueSendData                 0x08008131   Thumb Code    16  usbd_ioreq.o(.text.USBD_CtlContinueSendData)
    USBD_CtlError                            0x08008141   Thumb Code    22  usbd_ctlreq.o(.text.USBD_CtlError)
    USBD_CtlPrepareRx                        0x08008159   Thumb Code    30  usbd_ioreq.o(.text.USBD_CtlPrepareRx)
    USBD_CtlReceiveStatus                    0x08008179   Thumb Code    22  usbd_ioreq.o(.text.USBD_CtlReceiveStatus)
    USBD_CtlSendData                         0x08008191   Thumb Code    26  usbd_ioreq.o(.text.USBD_CtlSendData)
    USBD_CtlSendStatus                       0x080081b1   Thumb Code    22  usbd_ioreq.o(.text.USBD_CtlSendStatus)
    USBD_FS_ConfigStrDescriptor              0x080081c9   Thumb Code    24  usbd_desc.o(.text.USBD_FS_ConfigStrDescriptor)
    USBD_FS_DeviceDescriptor                 0x080081f1   Thumb Code    14  usbd_desc.o(.text.USBD_FS_DeviceDescriptor)
    USBD_FS_InterfaceStrDescriptor           0x08008201   Thumb Code    24  usbd_desc.o(.text.USBD_FS_InterfaceStrDescriptor)
    USBD_FS_LangIDStrDescriptor              0x08008229   Thumb Code    14  usbd_desc.o(.text.USBD_FS_LangIDStrDescriptor)
    USBD_FS_ManufacturerStrDescriptor        0x08008239   Thumb Code    24  usbd_desc.o(.text.USBD_FS_ManufacturerStrDescriptor)
    USBD_FS_ProductStrDescriptor             0x08008269   Thumb Code    24  usbd_desc.o(.text.USBD_FS_ProductStrDescriptor)
    USBD_FS_SerialStrDescriptor              0x08008299   Thumb Code   366  usbd_desc.o(.text.USBD_FS_SerialStrDescriptor)
    USBD_GetEpDesc                           0x08008409   Thumb Code    68  usbd_core.o(.text.USBD_GetEpDesc)
    USBD_GetString                           0x08008451   Thumb Code   214  usbd_ctlreq.o(.text.USBD_GetString)
    USBD_Init                                0x08008529   Thumb Code    40  usbd_core.o(.text.USBD_Init)
    USBD_LL_ClearStallEP                     0x08008551   Thumb Code    34  usbd_conf.o(.text.USBD_LL_ClearStallEP)
    USBD_LL_CloseEP                          0x08008579   Thumb Code    34  usbd_conf.o(.text.USBD_LL_CloseEP)
    USBD_LL_DataInStage                      0x080085a1   Thumb Code   186  usbd_core.o(.text.USBD_LL_DataInStage)
    USBD_LL_DataOutStage                     0x08008661   Thumb Code   120  usbd_core.o(.text.USBD_LL_DataOutStage)
    USBD_LL_DevConnected                     0x080086d9   Thumb Code     4  usbd_core.o(.text.USBD_LL_DevConnected)
    USBD_LL_DevDisconnected                  0x080086e1   Thumb Code    32  usbd_core.o(.text.USBD_LL_DevDisconnected)
    USBD_LL_GetRxDataSize                    0x08008701   Thumb Code     8  usbd_conf.o(.text.USBD_LL_GetRxDataSize)
    USBD_LL_Init                             0x08008709   Thumb Code   114  usbd_conf.o(.text.USBD_LL_Init)
    USBD_LL_IsStallEP                        0x08008781   Thumb Code    32  usbd_conf.o(.text.USBD_LL_IsStallEP)
    USBD_LL_IsoINIncomplete                  0x080087a1   Thumb Code    40  usbd_core.o(.text.USBD_LL_IsoINIncomplete)
    USBD_LL_IsoOUTIncomplete                 0x080087c9   Thumb Code    40  usbd_core.o(.text.USBD_LL_IsoOUTIncomplete)
    USBD_LL_OpenEP                           0x080087f1   Thumb Code    40  usbd_conf.o(.text.USBD_LL_OpenEP)
    USBD_LL_PrepareReceive                   0x08008819   Thumb Code    34  usbd_conf.o(.text.USBD_LL_PrepareReceive)
    USBD_LL_Reset                            0x08008841   Thumb Code   102  usbd_core.o(.text.USBD_LL_Reset)
    USBD_LL_Resume                           0x080088a9   Thumb Code    20  usbd_core.o(.text.USBD_LL_Resume)
    USBD_LL_SOF                              0x080088c1   Thumb Code    26  usbd_core.o(.text.USBD_LL_SOF)
    USBD_LL_SetSpeed                         0x080088e1   Thumb Code     8  usbd_core.o(.text.USBD_LL_SetSpeed)
    USBD_LL_SetUSBAddress                    0x080088e9   Thumb Code    34  usbd_conf.o(.text.USBD_LL_SetUSBAddress)
    USBD_LL_SetupStage                       0x08008911   Thumb Code    98  usbd_core.o(.text.USBD_LL_SetupStage)
    USBD_LL_StallEP                          0x08008979   Thumb Code    34  usbd_conf.o(.text.USBD_LL_StallEP)
    USBD_LL_Start                            0x080089a1   Thumb Code    34  usbd_conf.o(.text.USBD_LL_Start)
    USBD_LL_Suspend                          0x080089c9   Thumb Code    20  usbd_core.o(.text.USBD_LL_Suspend)
    USBD_LL_Transmit                         0x080089e1   Thumb Code    34  usbd_conf.o(.text.USBD_LL_Transmit)
    USBD_ParseSetupRequest                   0x08008a09   Thumb Code    22  usbd_ctlreq.o(.text.USBD_ParseSetupRequest)
    USBD_RegisterClass                       0x08008a21   Thumb Code    70  usbd_core.o(.text.USBD_RegisterClass)
    USBD_SetClassConfig                      0x08008a69   Thumb Code    16  usbd_core.o(.text.USBD_SetClassConfig)
    USBD_Start                               0x08008a79   Thumb Code     4  usbd_core.o(.text.USBD_Start)
    USBD_StdDevReq                           0x08008a81   Thumb Code   894  usbd_ctlreq.o(.text.USBD_StdDevReq)
    USBD_StdEPReq                            0x08008e01   Thumb Code   386  usbd_ctlreq.o(.text.USBD_StdEPReq)
    USBD_StdItfReq                           0x08008f89   Thumb Code   148  usbd_ctlreq.o(.text.USBD_StdItfReq)
    USBD_static_free                         0x08009021   Thumb Code     2  usbd_conf.o(.text.USBD_static_free)
    USBD_static_malloc                       0x08009029   Thumb Code    10  usbd_conf.o(.text.USBD_static_malloc)
    USB_ActivateEndpoint                     0x08009039   Thumb Code   136  stm32h7xx_ll_usb.o(.text.USB_ActivateEndpoint)
    USB_ActivateSetup                        0x080090c1   Thumb Code    32  stm32h7xx_ll_usb.o(.text.USB_ActivateSetup)
    USB_CoreInit                             0x080090e1   Thumb Code   516  stm32h7xx_ll_usb.o(.text.USB_CoreInit)
    USB_DeactivateEndpoint                   0x080092e9   Thumb Code   132  stm32h7xx_ll_usb.o(.text.USB_DeactivateEndpoint)
    USB_DevConnect                           0x08009371   Thumb Code    30  stm32h7xx_ll_usb.o(.text.USB_DevConnect)
    USB_DevDisconnect                        0x08009391   Thumb Code    30  stm32h7xx_ll_usb.o(.text.USB_DevDisconnect)
    USB_DevInit                              0x080093b1   Thumb Code  1150  stm32h7xx_ll_usb.o(.text.USB_DevInit)
    USB_DisableGlobalInt                     0x08009831   Thumb Code    14  stm32h7xx_ll_usb.o(.text.USB_DisableGlobalInt)
    USB_EP0StartXfer                         0x08009841   Thumb Code   252  stm32h7xx_ll_usb.o(.text.USB_EP0StartXfer)
    USB_EP0_OutStart                         0x08009941   Thumb Code    90  stm32h7xx_ll_usb.o(.text.USB_EP0_OutStart)
    USB_EPClearStall                         0x080099a1   Thumb Code    78  stm32h7xx_ll_usb.o(.text.USB_EPClearStall)
    USB_EPSetStall                           0x080099f1   Thumb Code    64  stm32h7xx_ll_usb.o(.text.USB_EPSetStall)
    USB_EPStartXfer                          0x08009a31   Thumb Code   520  stm32h7xx_ll_usb.o(.text.USB_EPStartXfer)
    USB_EPStopXfer                           0x08009c39   Thumb Code   270  stm32h7xx_ll_usb.o(.text.USB_EPStopXfer)
    USB_EnableGlobalInt                      0x08009d49   Thumb Code    14  stm32h7xx_ll_usb.o(.text.USB_EnableGlobalInt)
    USB_FlushTxFifo                          0x08009d59   Thumb Code   182  stm32h7xx_ll_usb.o(.text.USB_FlushTxFifo)
    USB_GetDevSpeed                          0x08009e11   Thumb Code    26  stm32h7xx_ll_usb.o(.text.USB_GetDevSpeed)
    USB_GetMode                              0x08009e31   Thumb Code     8  stm32h7xx_ll_usb.o(.text.USB_GetMode)
    USB_ReadDevAllInEpInterrupt              0x08009e39   Thumb Code    14  stm32h7xx_ll_usb.o(.text.USB_ReadDevAllInEpInterrupt)
    USB_ReadDevAllOutEpInterrupt             0x08009e49   Thumb Code    14  stm32h7xx_ll_usb.o(.text.USB_ReadDevAllOutEpInterrupt)
    USB_ReadDevInEPInterrupt                 0x08009e59   Thumb Code    36  stm32h7xx_ll_usb.o(.text.USB_ReadDevInEPInterrupt)
    USB_ReadDevOutEPInterrupt                0x08009e81   Thumb Code    16  stm32h7xx_ll_usb.o(.text.USB_ReadDevOutEPInterrupt)
    USB_ReadInterrupts                       0x08009e91   Thumb Code     8  stm32h7xx_ll_usb.o(.text.USB_ReadInterrupts)
    USB_ReadPacket                           0x08009e99   Thumb Code   172  stm32h7xx_ll_usb.o(.text.USB_ReadPacket)
    USB_SetCurrentMode                       0x08009f49   Thumb Code   100  stm32h7xx_ll_usb.o(.text.USB_SetCurrentMode)
    USB_SetDevAddress                        0x08009fb1   Thumb Code    34  stm32h7xx_ll_usb.o(.text.USB_SetDevAddress)
    USB_SetTurnaroundTime                    0x08009fd9   Thumb Code   288  stm32h7xx_ll_usb.o(.text.USB_SetTurnaroundTime)
    USB_WritePacket                          0x0800a0f9   Thumb Code   124  stm32h7xx_ll_usb.o(.text.USB_WritePacket)
    UsageFault_Handler                       0x0800a179   Thumb Code     2  stm32h7xx_it.o(.text.UsageFault_Handler)
    dataThread(void*)                        0x0800a1c9   Thumb Code    52  protocol.o(.text._Z10dataThreadPv)
    InitPackets()                            0x0800a201   Thumb Code   128  protocol.o(.text._Z11InitPacketsv)
    setAcquisitionState(bool)                0x0800a281   Thumb Code   224  protocol.o(.text._Z19setAcquisitionStateb)
    parseCmd(unsigned char*)                 0x0800a361   Thumb Code   176  protocol.o(.text._Z8parseCmdPh)
    CircularQueueT<unsigned char, 64u>::~CircularQueueT__deallocating() 0x0800a421   Thumb Code    36  protocol.o(.text._ZN14CircularQueueTIhLj64EED0Ev)
    CircularQueueT<unsigned char, 64u>::~CircularQueueT__sub_object() 0x0800a449   Thumb Code    34  protocol.o(.text._ZN14CircularQueueTIhLj64EED2Ev)
    operator delete(void*)                   0x0800a46b   Thumb Code     4  new.cpp.o(.text._ZdlPv)
    main                                     0x0800a471   Thumb Code  1074  main.o(.text.main)
    mainThread                               0x0800a8a9   Thumb Code   188  frond.o(.text.mainThread)
    osDelay                                  0x0800a969   Thumb Code    32  cmsis_os2.o(.text.osDelay)
    osKernelInitialize                       0x0800a989   Thumb Code    42  cmsis_os2.o(.text.osKernelInitialize)
    osKernelStart                            0x0800a9b9   Thumb Code    62  cmsis_os2.o(.text.osKernelStart)
    osMessageQueueGet                        0x0800a9f9   Thumb Code   140  cmsis_os2.o(.text.osMessageQueueGet)
    osMessageQueueNew                        0x0800aa89   Thumb Code   148  cmsis_os2.o(.text.osMessageQueueNew)
    osMessageQueuePut                        0x0800ab21   Thumb Code   168  cmsis_os2.o(.text.osMessageQueuePut)
    osMessageQueueReset                      0x0800abc9   Thumb Code    38  cmsis_os2.o(.text.osMessageQueueReset)
    osSemaphoreDelete                        0x0800abf1   Thumb Code    42  cmsis_os2.o(.text.osSemaphoreDelete)
    osThreadFlagsSet                         0x0800ac21   Thumb Code   132  cmsis_os2.o(.text.osThreadFlagsSet)
    osThreadFlagsWait                        0x0800aca9   Thumb Code   382  cmsis_os2.o(.text.osThreadFlagsWait)
    osThreadGetId                            0x0800ae29   Thumb Code     4  cmsis_os2.o(.text.osThreadGetId)
    osThreadNew                              0x0800ae31   Thumb Code   152  cmsis_os2.o(.text.osThreadNew)
    pvPortMalloc                             0x0800b7a1   Thumb Code   532  heap_4.o(.text.pvPortMalloc)
    pxPortInitialiseStack                    0x0800b9b9   Thumb Code    44  port.o(.text.pxPortInitialiseStack)
    usbRxCallback                            0x0800b9e9   Thumb Code   130  protocol.o(.text.usbRxCallback)
    uxListRemove                             0x0800ba71   Thumb Code    42  list.o(.text.uxListRemove)
    vApplicationGetIdleTaskMemory            0x0800baa1   Thumb Code    26  cmsis_os2.o(.text.vApplicationGetIdleTaskMemory)
    vApplicationGetTimerTaskMemory           0x0800bac1   Thumb Code    28  cmsis_os2.o(.text.vApplicationGetTimerTaskMemory)
    vListInitialise                          0x0800bae1   Thumb Code    22  list.o(.text.vListInitialise)
    vListInitialiseItem                      0x0800baf9   Thumb Code     6  list.o(.text.vListInitialiseItem)
    vListInsert                              0x0800bb01   Thumb Code    98  list.o(.text.vListInsert)
    vListInsertEnd                           0x0800bb69   Thumb Code    28  list.o(.text.vListInsertEnd)
    vPortEnterCritical                       0x0800bba1   Thumb Code    82  port.o(.text.vPortEnterCritical)
    vPortExitCritical                        0x0800bbf9   Thumb Code    50  port.o(.text.vPortExitCritical)
    vPortFree                                0x0800bc31   Thumb Code   220  heap_4.o(.text.vPortFree)
    vPortSetupTimerInterrupt                 0x0800bd11   Thumb Code    52  port.o(.text.vPortSetupTimerInterrupt)
    vPortValidateInterruptPriority           0x0800bd49   Thumb Code   102  port.o(.text.vPortValidateInterruptPriority)
    vQueueAddToRegistry                      0x0800bdb1   Thumb Code   176  queue.o(.text.vQueueAddToRegistry)
    vQueueDelete                             0x0800be61   Thumb Code   172  queue.o(.text.vQueueDelete)
    vQueueUnregisterQueue                    0x0800bf11   Thumb Code   192  queue.o(.text.vQueueUnregisterQueue)
    vQueueWaitForMessageRestricted           0x0800bfd1   Thumb Code   100  queue.o(.text.vQueueWaitForMessageRestricted)
    vTaskDelay                               0x0800c039   Thumb Code   132  tasks.o(.text.vTaskDelay)
    vTaskInternalSetTimeOutState             0x0800c0c1   Thumb Code    18  tasks.o(.text.vTaskInternalSetTimeOutState)
    vTaskMissedYield                         0x0800c0d9   Thumb Code    14  tasks.o(.text.vTaskMissedYield)
    vTaskPlaceOnEventList                    0x0800c0e9   Thumb Code   120  tasks.o(.text.vTaskPlaceOnEventList)
    vTaskPlaceOnEventListRestricted          0x0800c161   Thumb Code   126  tasks.o(.text.vTaskPlaceOnEventListRestricted)
    vTaskStartScheduler                      0x0800c1e1   Thumb Code   252  tasks.o(.text.vTaskStartScheduler)
    vTaskSuspendAll                          0x0800c2e9   Thumb Code    16  tasks.o(.text.vTaskSuspendAll)
    vTaskSwitchContext                       0x0800c2f9   Thumb Code   192  tasks.o(.text.vTaskSwitchContext)
    xPortStartScheduler                      0x0800c3b9   Thumb Code   330  port.o(.text.xPortStartScheduler)
    xPortSysTickHandler                      0x0800c509   Thumb Code    50  port.o(.text.xPortSysTickHandler)
    xQueueGenericCreate                      0x0800c541   Thumb Code   138  queue.o(.text.xQueueGenericCreate)
    xQueueGenericCreateStatic                0x0800c5d1   Thumb Code   248  queue.o(.text.xQueueGenericCreateStatic)
    xQueueGenericReset                       0x0800c6c9   Thumb Code   144  queue.o(.text.xQueueGenericReset)
    xQueueGenericSend                        0x0800c759   Thumb Code   590  queue.o(.text.xQueueGenericSend)
    xQueueGenericSendFromISR                 0x0800c9a9   Thumb Code   360  queue.o(.text.xQueueGenericSendFromISR)
    xQueueReceive                            0x0800cb11   Thumb Code   458  queue.o(.text.xQueueReceive)
    xQueueReceiveFromISR                     0x0800cce1   Thumb Code   248  queue.o(.text.xQueueReceiveFromISR)
    xTaskCheckForTimeOut                     0x0800cdd9   Thumb Code   170  tasks.o(.text.xTaskCheckForTimeOut)
    xTaskCreate                              0x0800ce89   Thumb Code    96  tasks.o(.text.xTaskCreate)
    xTaskCreateStatic                        0x0800cee9   Thumb Code   134  tasks.o(.text.xTaskCreateStatic)
    xTaskGenericNotify                       0x0800cf71   Thumb Code   298  tasks.o(.text.xTaskGenericNotify)
    xTaskGenericNotifyFromISR                0x0800d0a1   Thumb Code   326  tasks.o(.text.xTaskGenericNotifyFromISR)
    xTaskGetCurrentTaskHandle                0x0800d1e9   Thumb Code    12  tasks.o(.text.xTaskGetCurrentTaskHandle)
    xTaskGetSchedulerState                   0x0800d1f9   Thumb Code    28  tasks.o(.text.xTaskGetSchedulerState)
    xTaskGetTickCount                        0x0800d219   Thumb Code    12  tasks.o(.text.xTaskGetTickCount)
    xTaskIncrementTick                       0x0800d229   Thumb Code   264  tasks.o(.text.xTaskIncrementTick)
    xTaskNotifyWait                          0x0800d331   Thumb Code   208  tasks.o(.text.xTaskNotifyWait)
    xTaskPriorityDisinherit                  0x0800d401   Thumb Code   146  tasks.o(.text.xTaskPriorityDisinherit)
    xTaskRemoveFromEventList                 0x0800d499   Thumb Code   120  tasks.o(.text.xTaskRemoveFromEventList)
    xTaskResumeAll                           0x0800d511   Thumb Code   242  tasks.o(.text.xTaskResumeAll)
    xTimerCreateTimerTask                    0x0800d609   Thumb Code   176  timers.o(.text.xTimerCreateTimerTask)
    _get_lc_ctype                            0x0800d6c1   Thumb Code    44  lc_ctype_c.o(locale$$code)
    _fp_init                                 0x0800d6ed   Thumb Code    26  fpinit.o(x$fpl$fpinit)
    __fplib_config_fpu_vfp                   0x0800d705   Thumb Code     0  fpinit.o(x$fpl$fpinit)
    __fplib_config_pureend_doubles           0x0800d705   Thumb Code     0  fpinit.o(x$fpl$fpinit)
    D1CorePrescTable                         0x0800d706   Data          16  system_stm32h7xx.o(.rodata.D1CorePrescTable)
    vtable for CircularQueueT<unsigned char, 64u> 0x08051ce8   Data          16  protocol.o(.rodata._ZTV14CircularQueueTIhLj64EE)
    defaultTask_attributes                   0x08051cf8   Data          36  main.o(.rodata.defaultTask_attributes)
    Region$$Table$$Base                      0x08051d34   Number         0  anon$$obj.o(Region$$Table)
    Region$$Table$$Limit                     0x08051d54   Number         0  anon$$obj.o(Region$$Table)
    __ctype                                  0x08051d61   Data           0  lc_ctype_c.o(locale$$data)
    SHT$$INIT_ARRAY$$Base                    0x08051e64   Number         0  protocol.o(.init_array)
    SHT$$INIT_ARRAY$$Limit                   0x08051e68   Number         0  init_aeabi.o(.init_array)
    uwTickFreq                               0x20000004   Data           1  stm32h7xx_hal.o(.data..L_MergedGlobals)
    uwTickPrio                               0x20000008   Data           4  stm32h7xx_hal.o(.data..L_MergedGlobals)
    SystemCoreClock                          0x2000000c   Data           4  system_stm32h7xx.o(.data..L_MergedGlobals)
    SystemD2Clock                            0x20000010   Data           4  system_stm32h7xx.o(.data..L_MergedGlobals)
    FS_Desc                                  0x20000014   Data          28  usbd_desc.o(.data.FS_Desc)
    USBD_CDC                                 0x20000030   Data          56  usbd_cdc.o(.data.USBD_CDC)
    USBD_FS_DeviceDesc                       0x200000b8   Data          18  usbd_desc.o(.data.USBD_FS_DeviceDesc)
    USBD_Interface_fops_FS                   0x200000cc   Data          20  usbd_cdc_if.o(.data.USBD_Interface_fops_FS)
    USBD_LangIDDesc                          0x200000e0   Data           4  usbd_desc.o(.data.USBD_LangIDDesc)
    USBD_StringSerial                        0x200000e4   Data          26  usbd_desc.o(.data.USBD_StringSerial)
    forward                                  0x200000fe   Data           1  protocol.o(.data.forward)
    adc_buffer                               0x20000120   Data           4  protocol.o(DMABUFFER)
    __libspace_start                         0x20000128   Data          96  libspace.o(.bss)
    __temporary_stack_top$libspace           0x20000188   Data           0  libspace.o(.bss)
    defaultTaskHandle                        0x20000188   Data           4  main.o(.bss..L_MergedGlobals)
    htim2                                    0x2000018c   Data          76  main.o(.bss..L_MergedGlobals)
    pxCurrentTCB                             0x200001e0   Data           4  tasks.o(.bss..L_MergedGlobals)
    tidMain                                  0x200002b4   Data           4  frond.o(.bss..L_MergedGlobals)
    tidData                                  0x200002b8   Data           4  frond.o(.bss..L_MergedGlobals)
    bStart                                   0x200002bc   Data           1  protocol.o(.bss..L_MergedGlobals)
    ndx                                      0x200002c0   Data           4  protocol.o(.bss..L_MergedGlobals)
    nPackIndex                               0x200002c4   Data           4  protocol.o(.bss..L_MergedGlobals)
    nDataIndex                               0x200002c8   Data           4  protocol.o(.bss..L_MergedGlobals)
    msgQ                                     0x200002cc   Data           4  protocol.o(.bss..L_MergedGlobals)
    USBD_StrDesc                             0x20000300   Data         512  usbd_desc.o(.bss.USBD_StrDesc)
    UserRxBufferFS                           0x20000720   Data        2048  usbd_cdc_if.o(.bss.UserRxBufferFS)
    UserTxBufferFS                           0x20000f20   Data        2048  usbd_cdc_if.o(.bss.UserTxBufferFS)
    hUsbDeviceFS                             0x20001720   Data         732  usb_device.o(.bss.hUsbDeviceFS)
    hadc3                                    0x200019fc   Data         100  main.o(.bss.hadc3)
    hdma_adc3                                0x20001a60   Data         120  main.o(.bss.hdma_adc3)
    hpcd_USB_OTG_FS                          0x20001ad8   Data        1292  usbd_conf.o(.bss.hpcd_USB_OTG_FS)
    htim6                                    0x20001fe4   Data          76  stm32h7xx_hal_timebase_tim.o(.bss.htim6)
    packets                                  0x20002030   Data       16384  protocol.o(.bss.packets)
    rxQueue                                  0x20006580   Data          88  protocol.o(.bss.rxQueue)
    uwTick                                   0x2000e5d8   Data           4  stm32h7xx_hal.o(.bss.uwTick)
    xQueueRegistry                           0x2000ec94   Data          64  queue.o(.bss.xQueueRegistry)



==============================================================================

Memory Map of the image

  Image Entry point : 0x08000299

  Load Region LR_IROM1 (Base: 0x08000000, Size: 0x00051fa8, Max: 0x00200000, ABSOLUTE)

    Execution Region ER_IROM1 (Exec base: 0x08000000, Load base: 0x08000000, Size: 0x00051e68, Max: 0x00200000, ABSOLUTE)

    Exec Addr    Load Addr    Size         Type   Attr      Idx    E Section Name        Object

    0x08000000   0x08000000   0x00000298   Data   RO            3    RESET               startup_stm32h743xx.o
    0x08000298   0x08000298   0x00000008   Code   RO         2540  * !!!main             c_w.l(__main.o)
    0x080002a0   0x080002a0   0x00000034   Code   RO         2948    !!!scatter          c_w.l(__scatter.o)
    0x080002d4   0x080002d4   0x0000001a   Code   RO         2950    !!handler_copy      c_w.l(__scatter_copy.o)
    0x080002ee   0x080002ee   0x00000002   PAD
    0x080002f0   0x080002f0   0x0000001c   Code   RO         2952    !!handler_zi        c_w.l(__scatter_zi.o)
    0x0800030c   0x0800030c   0x00000002   Code   RO         2885    .ARM.Collect$$libinit$$00000000  c_w.l(libinit.o)
    0x0800030e   0x0800030e   0x00000004   Code   RO         2681    .ARM.Collect$$libinit$$00000001  c_w.l(libinit2.o)
    0x08000312   0x08000312   0x00000000   Code   RO         2684    .ARM.Collect$$libinit$$00000004  c_w.l(libinit2.o)
    0x08000312   0x08000312   0x00000000   Code   RO         2686    .ARM.Collect$$libinit$$00000006  c_w.l(libinit2.o)
    0x08000312   0x08000312   0x00000008   Code   RO         2687    .ARM.Collect$$libinit$$00000007  c_w.l(libinit2.o)
    0x0800031a   0x0800031a   0x00000000   Code   RO         2689    .ARM.Collect$$libinit$$0000000C  c_w.l(libinit2.o)
    0x0800031a   0x0800031a   0x00000000   Code   RO         2691    .ARM.Collect$$libinit$$0000000E  c_w.l(libinit2.o)
    0x0800031a   0x0800031a   0x00000000   Code   RO         2693    .ARM.Collect$$libinit$$00000010  c_w.l(libinit2.o)
    0x0800031a   0x0800031a   0x00000006   Code   RO         2694    .ARM.Collect$$libinit$$00000011  c_w.l(libinit2.o)
    0x08000320   0x08000320   0x00000000   Code   RO         2696    .ARM.Collect$$libinit$$00000013  c_w.l(libinit2.o)
    0x08000320   0x08000320   0x0000000c   Code   RO         2697    .ARM.Collect$$libinit$$00000014  c_w.l(libinit2.o)
    0x0800032c   0x0800032c   0x00000000   Code   RO         2698    .ARM.Collect$$libinit$$00000015  c_w.l(libinit2.o)
    0x0800032c   0x0800032c   0x00000000   Code   RO         2700    .ARM.Collect$$libinit$$00000017  c_w.l(libinit2.o)
    0x0800032c   0x0800032c   0x00000000   Code   RO         2702    .ARM.Collect$$libinit$$00000019  c_w.l(libinit2.o)
    0x0800032c   0x0800032c   0x00000000   Code   RO         2704    .ARM.Collect$$libinit$$0000001B  c_w.l(libinit2.o)
    0x0800032c   0x0800032c   0x00000000   Code   RO         2706    .ARM.Collect$$libinit$$0000001D  c_w.l(libinit2.o)
    0x0800032c   0x0800032c   0x00000000   Code   RO         2708    .ARM.Collect$$libinit$$0000001F  c_w.l(libinit2.o)
    0x0800032c   0x0800032c   0x00000000   Code   RO         2710    .ARM.Collect$$libinit$$00000021  c_w.l(libinit2.o)
    0x0800032c   0x0800032c   0x00000000   Code   RO         2712    .ARM.Collect$$libinit$$00000023  c_w.l(libinit2.o)
    0x0800032c   0x0800032c   0x00000000   Code   RO         2714    .ARM.Collect$$libinit$$00000025  c_w.l(libinit2.o)
    0x0800032c   0x0800032c   0x00000000   Code   RO         2716    .ARM.Collect$$libinit$$00000027  c_w.l(libinit2.o)
    0x0800032c   0x0800032c   0x00000000   Code   RO         2720    .ARM.Collect$$libinit$$0000002E  c_w.l(libinit2.o)
    0x0800032c   0x0800032c   0x00000000   Code   RO         2722    .ARM.Collect$$libinit$$00000030  c_w.l(libinit2.o)
    0x0800032c   0x0800032c   0x00000000   Code   RO         2724    .ARM.Collect$$libinit$$00000032  c_w.l(libinit2.o)
    0x0800032c   0x0800032c   0x00000004   Code   RO         2725    .ARM.Collect$$libinit$$00000033  c_w.l(libinit2.o)
    0x08000330   0x08000330   0x00000000   Code   RO         2726    .ARM.Collect$$libinit$$00000034  c_w.l(libinit2.o)
    0x08000330   0x08000330   0x00000002   Code   RO         2727    .ARM.Collect$$libinit$$00000035  c_w.l(libinit2.o)
    0x08000332   0x08000332   0x00000002   Code   RO         2945    .ARM.Collect$$libshutdown$$00000000  c_w.l(libshutdown.o)
    0x08000334   0x08000334   0x00000006   Code   RO         2886    .ARM.Collect$$libshutdown$$00000001  c_w.l(libshutdown2.o)
    0x0800033a   0x0800033a   0x00000000   Code   RO         2887    .ARM.Collect$$libshutdown$$00000002  c_w.l(libshutdown2.o)
    0x0800033a   0x0800033a   0x00000000   Code   RO         2889    .ARM.Collect$$libshutdown$$00000004  c_w.l(libshutdown2.o)
    0x0800033a   0x0800033a   0x00000000   Code   RO         2892    .ARM.Collect$$libshutdown$$00000007  c_w.l(libshutdown2.o)
    0x0800033a   0x0800033a   0x00000000   Code   RO         2895    .ARM.Collect$$libshutdown$$0000000A  c_w.l(libshutdown2.o)
    0x0800033a   0x0800033a   0x00000000   Code   RO         2897    .ARM.Collect$$libshutdown$$0000000C  c_w.l(libshutdown2.o)
    0x0800033a   0x0800033a   0x00000000   Code   RO         2900    .ARM.Collect$$libshutdown$$0000000F  c_w.l(libshutdown2.o)
    0x0800033a   0x0800033a   0x00000002   Code   RO         2901    .ARM.Collect$$libshutdown$$00000010  c_w.l(libshutdown2.o)
    0x0800033c   0x0800033c   0x00000000   Code   RO         2593    .ARM.Collect$$rtentry$$00000000  c_w.l(__rtentry.o)
    0x0800033c   0x0800033c   0x00000000   Code   RO         2758    .ARM.Collect$$rtentry$$00000002  c_w.l(__rtentry2.o)
    0x0800033c   0x0800033c   0x00000006   Code   RO         2770    .ARM.Collect$$rtentry$$00000004  c_w.l(__rtentry4.o)
    0x08000342   0x08000342   0x00000000   Code   RO         2760    .ARM.Collect$$rtentry$$00000009  c_w.l(__rtentry2.o)
    0x08000342   0x08000342   0x00000004   Code   RO         2761    .ARM.Collect$$rtentry$$0000000A  c_w.l(__rtentry2.o)
    0x08000346   0x08000346   0x00000000   Code   RO         2763    .ARM.Collect$$rtentry$$0000000C  c_w.l(__rtentry2.o)
    0x08000346   0x08000346   0x00000008   Code   RO         2764    .ARM.Collect$$rtentry$$0000000D  c_w.l(__rtentry2.o)
    0x0800034e   0x0800034e   0x00000002   Code   RO         2902    .ARM.Collect$$rtexit$$00000000  c_w.l(rtexit.o)
    0x08000350   0x08000350   0x00000000   Code   RO         2917    .ARM.Collect$$rtexit$$00000002  c_w.l(rtexit2.o)
    0x08000350   0x08000350   0x00000004   Code   RO         2918    .ARM.Collect$$rtexit$$00000003  c_w.l(rtexit2.o)
    0x08000354   0x08000354   0x00000006   Code   RO         2919    .ARM.Collect$$rtexit$$00000004  c_w.l(rtexit2.o)
    0x0800035a   0x0800035a   0x00000002   PAD
    0x0800035c   0x0800035c   0x00000040   Code   RO            4    .text               startup_stm32h743xx.o
    0x0800039c   0x0800039c   0x00000072   Code   RO         2515    .text               c_w.l(strtoul.o)
    0x0800040e   0x0800040e   0x0000000a   Code   RO         2520    .text               c_w.l(cxa_atexit.o)
    0x08000418   0x08000418   0x0000000c   Code   RO         2523    .text               c_w.l(strtok.o)
    0x08000424   0x08000424   0x00000096   Code   RO         2526    .text               c_w.l(strncmp.o)
    0x080004ba   0x080004ba   0x0000008a   Code   RO         2528    .text               c_w.l(rt_memcpy_v6.o)
    0x08000544   0x08000544   0x00000010   Code   RO         2532    .text               c_w.l(aeabi_memset4.o)
    0x08000554   0x08000554   0x0000004e   Code   RO         2536    .text               c_w.l(rt_memclr_w.o)
    0x080005a2   0x080005a2   0x00000006   Code   RO         2538    .text               c_w.l(heapauxi.o)
    0x080005a8   0x080005a8   0x00000024   Code   RO         2545    .text               c_w.l(init_aeabi.o)
    0x080005cc   0x080005cc   0x00000010   Code   RO         2594    .text               c_w.l(rt_ctype_table.o)
    0x080005dc   0x080005dc   0x00000008   Code   RO         2599    .text               c_w.l(rt_errno_addr_intlibspace.o)
    0x080005e4   0x080005e4   0x0000005e   Code   RO         2605    .text               c_w.l(h1_alloc.o)
    0x08000642   0x08000642   0x0000004e   Code   RO         2607    .text               c_w.l(h1_free.o)
    0x08000690   0x08000690   0x0000009e   Code   RO         2667    .text               c_w.l(_strtoul.o)
    0x0800072e   0x0800072e   0x0000002e   Code   RO         2674    .text               c_w.l(aeabi_atexit.o)
    0x0800075c   0x0800075c   0x00000044   Code   RO         2677    .text               c_w.l(strtok_int.o)
    0x080007a0   0x080007a0   0x00000064   Code   RO         2679    .text               c_w.l(rt_memcpy_w.o)
    0x08000804   0x08000804   0x0000000c   Code   RO         2748    .text               c_w.l(sys_exit.o)
    0x08000810   0x08000810   0x00000008   Code   RO         2752    .text               c_w.l(libspace.o)
    0x08000818   0x08000818   0x00000008   Code   RO         2775    .text               c_w.l(rt_heap_descriptor_intlibspace.o)
    0x08000820   0x08000820   0x00000008   Code   RO         2780    .text               c_w.l(rt_locale_intlibspace.o)
    0x08000828   0x08000828   0x00000008   Code   RO         2785    .text               c_w.l(rt_ddtor_pointer_addr_intlibspace.o)
    0x08000830   0x08000830   0x00000004   Code   RO         2787    .text               c_w.l(hguard.o)
    0x08000834   0x08000834   0x0000008a   Code   RO         2789    .text               c_w.l(init_alloc.o)
    0x080008be   0x080008be   0x0000000e   Code   RO         2793    .text               c_w.l(h1_init.o)
    0x080008cc   0x080008cc   0x0000001c   Code   RO         2805    .text               c_w.l(_chval.o)
    0x080008e8   0x080008e8   0x00000042   Code   RO         2810    .text               c_w.l(cxa_finalize.o)
    0x0800092a   0x0800092a   0x00000020   Code   RO         2817    .text               c_w.l(strcspn.o)
    0x0800094a   0x0800094a   0x0000001c   Code   RO         2819    .text               c_w.l(strspn.o)
    0x08000966   0x08000966   0x00000002   Code   RO         2846    .text               c_w.l(use_no_semi.o)
    0x08000968   0x08000968   0x00000000   Code   RO         2848    .text               c_w.l(indicate_semi.o)
    0x08000968   0x08000968   0x0000004a   Code   RO         2849    .text               c_w.l(sys_stackheap_outer.o)
    0x080009b2   0x080009b2   0x00000000   Code   RO         2855    .text               c_w.l(maybetermalloc1.o)
    0x080009b2   0x080009b2   0x00000034   Code   RO         2857    .text               c_w.l(h1_extend.o)
    0x080009e6   0x080009e6   0x00000012   Code   RO         2861    .text               c_w.l(exit.o)
    0x080009f8   0x080009f8   0x0000000a   Code   RO         2863    .text               c_w.l(defsig_exit.o)
    0x08000a02   0x08000a02   0x0000000e   Code   RO         2867    .text               c_w.l(defsig_rtmem_outer.o)
    0x08000a10   0x08000a10   0x0000007c   Code   RO         2871    .text               c_w.l(strcmpv7m_pel.o)
    0x08000a8c   0x08000a8c   0x00000032   Code   RO         2908    .text               c_w.l(defsig_general.o)
    0x08000abe   0x08000abe   0x00000002   PAD
    0x08000ac0   0x08000ac0   0x00000050   Code   RO         2910    .text               c_w.l(defsig_rtmem_inner.o)
    0x08000b10   0x08000b10   0x0000000e   Code   RO         2912    .text               c_w.l(sys_wrch.o)
    0x08000b1e   0x08000b1e   0x00000002   PAD
    0x08000b20   0x08000b20   0x0000000c   Code   RO           54    .text.ADC3_IRQHandler  stm32h7xx_it.o
    0x08000b2c   0x08000b2c   0x00000004   PAD
    0x08000b30   0x08000b30   0x00000128   Code   RO         1246    .text.ADC_ConfigureBoostMode  stm32h7xx_hal_adc.o
    0x08000c58   0x08000c58   0x000000f4   Code   RO         1250    .text.ADC_ConversionStop  stm32h7xx_hal_adc.o
    0x08000d4c   0x08000d4c   0x00000004   PAD
    0x08000d50   0x08000d50   0x0000005e   Code   RO         1272    .text.ADC_DMAConvCplt  stm32h7xx_hal_adc.o
    0x08000dae   0x08000dae   0x00000002   PAD
    0x08000db0   0x08000db0   0x00000016   Code   RO         1276    .text.ADC_DMAError  stm32h7xx_hal_adc.o
    0x08000dc6   0x08000dc6   0x00000002   PAD
    0x08000dc8   0x08000dc8   0x00000006   Code   RO         1274    .text.ADC_DMAHalfConvCplt  stm32h7xx_hal_adc.o
    0x08000dce   0x08000dce   0x00000002   PAD
    0x08000dd0   0x08000dd0   0x000000ba   Code   RO         1258    .text.ADC_Enable    stm32h7xx_hal_adc.o
    0x08000e8a   0x08000e8a   0x00000006   PAD
    0x08000e90   0x08000e90   0x00000030   Code   RO         2485    .text.BSP_LED_Off   stm32h7xx_nucleo.o
    0x08000ec0   0x08000ec0   0x00000030   Code   RO         2483    .text.BSP_LED_On    stm32h7xx_nucleo.o
    0x08000ef0   0x08000ef0   0x00000002   Code   RO           42    .text.BusFault_Handler  stm32h7xx_it.o
    0x08000ef2   0x08000ef2   0x00000006   PAD
    0x08000ef8   0x08000ef8   0x00000004   Code   RO          136    .text.CDC_Control_FS  usbd_cdc_if.o
    0x08000efc   0x08000efc   0x00000004   PAD
    0x08000f00   0x08000f00   0x00000004   Code   RO          134    .text.CDC_DeInit_FS  usbd_cdc_if.o
    0x08000f04   0x08000f04   0x00000004   PAD
    0x08000f08   0x08000f08   0x0000002c   Code   RO          132    .text.CDC_Init_FS   usbd_cdc_if.o
    0x08000f34   0x08000f34   0x00000004   PAD
    0x08000f38   0x08000f38   0x00000024   Code   RO          138    .text.CDC_Receive_FS  usbd_cdc_if.o
    0x08000f5c   0x08000f5c   0x00000004   PAD
    0x08000f60   0x08000f60   0x00000004   Code   RO          140    .text.CDC_TransmitCplt_FS  usbd_cdc_if.o
    0x08000f64   0x08000f64   0x00000004   PAD
    0x08000f68   0x08000f68   0x00000036   Code   RO          142    .text.CDC_Transmit_FS  usbd_cdc_if.o
    0x08000f9e   0x08000f9e   0x00000002   PAD
    0x08000fa0   0x08000fa0   0x0000000c   Code   RO           48    .text.DMA1_Stream0_IRQHandler  stm32h7xx_it.o
    0x08000fac   0x08000fac   0x00000004   PAD
    0x08000fb0   0x08000fb0   0x0000012c   Code   RO          654    .text.DMA_CalcBaseAndBitshift  stm32h7xx_hal_dma.o
    0x080010dc   0x080010dc   0x00000004   PAD
    0x080010e0   0x080010e0   0x00000306   Code   RO          660    .text.DMA_SetConfig  stm32h7xx_hal_dma.o
    0x080013e6   0x080013e6   0x00000002   PAD
    0x080013e8   0x080013e8   0x00000002   Code   RO           46    .text.DebugMon_Handler  stm32h7xx_it.o
    0x080013ea   0x080013ea   0x00000006   PAD
    0x080013f0   0x080013f0   0x0000000a   Code   RO           15    .text.Error_Handler  main.o
    0x080013fa   0x080013fa   0x00000006   PAD
    0x08001400   0x08001400   0x00000002   Code   RO         1346    .text.HAL_ADCEx_EndOfSamplingCallback  stm32h7xx_hal_adc_ex.o
    0x08001402   0x08001402   0x00000006   PAD
    0x08001408   0x08001408   0x00000002   Code   RO         1338    .text.HAL_ADCEx_InjectedConvCpltCallback  stm32h7xx_hal_adc_ex.o
    0x0800140a   0x0800140a   0x00000006   PAD
    0x08001410   0x08001410   0x00000002   Code   RO         1340    .text.HAL_ADCEx_InjectedQueueOverflowCallback  stm32h7xx_hal_adc_ex.o
    0x08001412   0x08001412   0x00000006   PAD
    0x08001418   0x08001418   0x00000002   Code   RO         1342    .text.HAL_ADCEx_LevelOutOfWindow2Callback  stm32h7xx_hal_adc_ex.o
    0x0800141a   0x0800141a   0x00000006   PAD
    0x08001420   0x08001420   0x00000002   Code   RO         1344    .text.HAL_ADCEx_LevelOutOfWindow3Callback  stm32h7xx_hal_adc_ex.o
    0x08001422   0x08001422   0x00000006   PAD
    0x08001428   0x08001428   0x000003cc   Code   RO         1292    .text.HAL_ADC_ConfigChannel  stm32h7xx_hal_adc.o
    0x080017f4   0x080017f4   0x00000004   PAD
    0x080017f8   0x080017f8   0x0000007e   Code   RO         2449    .text.HAL_ADC_ConvCpltCallback  protocol.o
    0x08001876   0x08001876   0x00000002   PAD
    0x08001878   0x08001878   0x00000002   Code   RO         1290    .text.HAL_ADC_ConvHalfCpltCallback  stm32h7xx_hal_adc.o
    0x0800187a   0x0800187a   0x00000006   PAD
    0x08001880   0x08001880   0x00000002   Code   RO         1288    .text.HAL_ADC_ErrorCallback  stm32h7xx_hal_adc.o
    0x08001882   0x08001882   0x00000006   PAD
    0x08001888   0x08001888   0x000002ba   Code   RO         1282    .text.HAL_ADC_IRQHandler  stm32h7xx_hal_adc.o
    0x08001b42   0x08001b42   0x00000006   PAD
    0x08001b48   0x08001b48   0x00000272   Code   RO         1242    .text.HAL_ADC_Init  stm32h7xx_hal_adc.o
    0x08001dba   0x08001dba   0x00000006   PAD
    0x08001dc0   0x08001dc0   0x00000002   Code   RO         1286    .text.HAL_ADC_LevelOutOfWindowCallback  stm32h7xx_hal_adc.o
    0x08001dc2   0x08001dc2   0x00000006   PAD
    0x08001dc8   0x08001dc8   0x000000f8   Code   RO           65    .text.HAL_ADC_MspInit  stm32h7xx_hal_msp.o
    0x08001ec0   0x08001ec0   0x0000011e   Code   RO         1270    .text.HAL_ADC_Start_DMA  stm32h7xx_hal_adc.o
    0x08001fde   0x08001fde   0x00000002   PAD
    0x08001fe0   0x08001fe0   0x00000150   Code   RO         1278    .text.HAL_ADC_Stop_DMA  stm32h7xx_hal_adc.o
    0x08002130   0x08002130   0x0000052e   Code   RO          664    .text.HAL_DMA_Abort  stm32h7xx_hal_dma.o
    0x0800265e   0x0800265e   0x00000002   PAD
    0x08002660   0x08002660   0x00000830   Code   RO          670    .text.HAL_DMA_IRQHandler  stm32h7xx_hal_dma.o
    0x08002e90   0x08002e90   0x0000068a   Code   RO          652    .text.HAL_DMA_Init  stm32h7xx_hal_dma.o
    0x0800351a   0x0800351a   0x00000006   PAD
    0x08003520   0x08003520   0x000003a2   Code   RO          662    .text.HAL_DMA_Start_IT  stm32h7xx_hal_dma.o
    0x080038c2   0x080038c2   0x00000006   PAD
    0x080038c8   0x080038c8   0x00000028   Code   RO          958    .text.HAL_Delay     stm32h7xx_hal.o
    0x080038f0   0x080038f0   0x000001e6   Code   RO          598    .text.HAL_GPIO_Init  stm32h7xx_hal_gpio.o
    0x08003ad6   0x08003ad6   0x00000002   PAD
    0x08003ad8   0x08003ad8   0x0000000a   Code   RO          604    .text.HAL_GPIO_WritePin  stm32h7xx_hal_gpio.o
    0x08003ae2   0x08003ae2   0x00000006   PAD
    0x08003ae8   0x08003ae8   0x0000000e   Code   RO          966    .text.HAL_GetREVID  stm32h7xx_hal.o
    0x08003af6   0x08003af6   0x00000002   PAD
    0x08003af8   0x08003af8   0x0000000c   Code   RO          950    .text.HAL_GetTick   stm32h7xx_hal.o
    0x08003b04   0x08003b04   0x00000004   PAD
    0x08003b08   0x08003b08   0x0000001a   Code   RO          948    .text.HAL_IncTick   stm32h7xx_hal.o
    0x08003b22   0x08003b22   0x00000006   PAD
    0x08003b28   0x08003b28   0x00000064   Code   RO          938    .text.HAL_Init      stm32h7xx_hal.o
    0x08003b8c   0x08003b8c   0x00000004   PAD
    0x08003b90   0x08003b90   0x000000a4   Code   RO           81    .text.HAL_InitTick  stm32h7xx_hal_timebase_tim.o
    0x08003c34   0x08003c34   0x00000004   PAD
    0x08003c38   0x08003c38   0x0000002a   Code   RO           63    .text.HAL_MspInit   stm32h7xx_hal_msp.o
    0x08003c62   0x08003c62   0x00000006   PAD
    0x08003c68   0x08003c68   0x00000020   Code   RO          894    .text.HAL_NVIC_EnableIRQ  stm32h7xx_hal_cortex.o
    0x08003c88   0x08003c88   0x0000005c   Code   RO          892    .text.HAL_NVIC_SetPriority  stm32h7xx_hal_cortex.o
    0x08003ce4   0x08003ce4   0x00000004   PAD
    0x08003ce8   0x08003ce8   0x00000020   Code   RO          890    .text.HAL_NVIC_SetPriorityGrouping  stm32h7xx_hal_cortex.o
    0x08003d08   0x08003d08   0x00000026   Code   RO          307    .text.HAL_PCDEx_ActivateLPM  stm32h7xx_hal_pcd_ex.o
    0x08003d2e   0x08003d2e   0x00000002   PAD
    0x08003d30   0x08003d30   0x00000002   Code   RO          319    .text.HAL_PCDEx_LPM_Callback  stm32h7xx_hal_pcd_ex.o
    0x08003d32   0x08003d32   0x00000006   PAD
    0x08003d38   0x08003d38   0x00000008   Code   RO          305    .text.HAL_PCDEx_SetRxFiFo  stm32h7xx_hal_pcd_ex.o
    0x08003d40   0x08003d40   0x000000ea   Code   RO          303    .text.HAL_PCDEx_SetTxFiFo  stm32h7xx_hal_pcd_ex.o
    0x08003e2a   0x08003e2a   0x00000006   PAD
    0x08003e30   0x08003e30   0x00000008   Code   RO          177    .text.HAL_PCD_ConnectCallback  usbd_conf.o
    0x08003e38   0x08003e38   0x00000012   Code   RO          163    .text.HAL_PCD_DataInStageCallback  usbd_conf.o
    0x08003e4a   0x08003e4a   0x00000006   PAD
    0x08003e50   0x08003e50   0x00000014   Code   RO          161    .text.HAL_PCD_DataOutStageCallback  usbd_conf.o
    0x08003e64   0x08003e64   0x00000004   PAD
    0x08003e68   0x08003e68   0x00000008   Code   RO          179    .text.HAL_PCD_DisconnectCallback  usbd_conf.o
    0x08003e70   0x08003e70   0x00000054   Code   RO          273    .text.HAL_PCD_EP_Close  stm32h7xx_hal_pcd.o
    0x08003ec4   0x08003ec4   0x00000004   PAD
    0x08003ec8   0x08003ec8   0x00000064   Code   RO          283    .text.HAL_PCD_EP_ClrStall  stm32h7xx_hal_pcd.o
    0x08003f2c   0x08003f2c   0x00000004   PAD
    0x08003f30   0x08003f30   0x00000012   Code   RO          277    .text.HAL_PCD_EP_GetRxCount  stm32h7xx_hal_pcd.o
    0x08003f42   0x08003f42   0x00000006   PAD
    0x08003f48   0x08003f48   0x00000060   Code   RO          271    .text.HAL_PCD_EP_Open  stm32h7xx_hal_pcd.o
    0x08003fa8   0x08003fa8   0x0000004c   Code   RO          275    .text.HAL_PCD_EP_Receive  stm32h7xx_hal_pcd.o
    0x08003ff4   0x08003ff4   0x00000004   PAD
    0x08003ff8   0x08003ff8   0x00000078   Code   RO          281    .text.HAL_PCD_EP_SetStall  stm32h7xx_hal_pcd.o
    0x08004070   0x08004070   0x00000044   Code   RO          279    .text.HAL_PCD_EP_Transmit  stm32h7xx_hal_pcd.o
    0x080040b4   0x080040b4   0x00000004   PAD
    0x080040b8   0x080040b8   0x000009ce   Code   RO          239    .text.HAL_PCD_IRQHandler  stm32h7xx_hal_pcd.o
    0x08004a86   0x08004a86   0x00000002   PAD
    0x08004a88   0x08004a88   0x00000008   Code   RO          175    .text.HAL_PCD_ISOINIncompleteCallback  usbd_conf.o
    0x08004a90   0x08004a90   0x00000008   Code   RO          173    .text.HAL_PCD_ISOOUTIncompleteCallback  usbd_conf.o
    0x08004a98   0x08004a98   0x0000013a   Code   RO          227    .text.HAL_PCD_Init  stm32h7xx_hal_pcd.o
    0x08004bd2   0x08004bd2   0x00000006   PAD
    0x08004bd8   0x08004bd8   0x0000009c   Code   RO          155    .text.HAL_PCD_MspInit  usbd_conf.o
    0x08004c74   0x08004c74   0x00000004   PAD
    0x08004c78   0x08004c78   0x0000002e   Code   RO          167    .text.HAL_PCD_ResetCallback  usbd_conf.o
    0x08004ca6   0x08004ca6   0x00000002   PAD
    0x08004ca8   0x08004ca8   0x00000008   Code   RO          171    .text.HAL_PCD_ResumeCallback  usbd_conf.o
    0x08004cb0   0x08004cb0   0x00000008   Code   RO          165    .text.HAL_PCD_SOFCallback  usbd_conf.o
    0x08004cb8   0x08004cb8   0x00000028   Code   RO          269    .text.HAL_PCD_SetAddress  stm32h7xx_hal_pcd.o
    0x08004ce0   0x08004ce0   0x0000000e   Code   RO          159    .text.HAL_PCD_SetupStageCallback  usbd_conf.o
    0x08004cee   0x08004cee   0x00000002   PAD
    0x08004cf0   0x08004cf0   0x00000040   Code   RO          235    .text.HAL_PCD_Start  stm32h7xx_hal_pcd.o
    0x08004d30   0x08004d30   0x00000034   Code   RO          169    .text.HAL_PCD_SuspendCallback  usbd_conf.o
    0x08004d64   0x08004d64   0x00000004   PAD
    0x08004d68   0x08004d68   0x0000004c   Code   RO          802    .text.HAL_PWREx_ConfigSupply  stm32h7xx_hal_pwr_ex.o
    0x08004db4   0x08004db4   0x00000004   PAD
    0x08004db8   0x08004db8   0x00000012   Code   RO          856    .text.HAL_PWREx_EnableUSBVoltageDetector  stm32h7xx_hal_pwr_ex.o
    0x08004dca   0x08004dca   0x00000006   PAD
    0x08004dd0   0x08004dd0   0x00000188   Code   RO          479    .text.HAL_RCCEx_GetPLL1ClockFreq  stm32h7xx_hal_rcc_ex.o
    0x08004f58   0x08004f58   0x00000188   Code   RO          481    .text.HAL_RCCEx_GetPLL2ClockFreq  stm32h7xx_hal_rcc_ex.o
    0x080050e0   0x080050e0   0x00000188   Code   RO          483    .text.HAL_RCCEx_GetPLL3ClockFreq  stm32h7xx_hal_rcc_ex.o
    0x08005268   0x08005268   0x000003ea   Code   RO          477    .text.HAL_RCCEx_GetPeriphCLKFreq  stm32h7xx_hal_rcc_ex.o
    0x08005652   0x08005652   0x00000006   PAD
    0x08005658   0x08005658   0x00000c64   Code   RO          469    .text.HAL_RCCEx_PeriphCLKConfig  stm32h7xx_hal_rcc_ex.o
    0x080062bc   0x080062bc   0x00000004   PAD
    0x080062c0   0x080062c0   0x00000268   Code   RO          437    .text.HAL_RCC_ClockConfig  stm32h7xx_hal_rcc.o
    0x08006528   0x08006528   0x00000058   Code   RO          455    .text.HAL_RCC_GetClockConfig  stm32h7xx_hal_rcc.o
    0x08006580   0x08006580   0x0000004c   Code   RO          447    .text.HAL_RCC_GetHCLKFreq  stm32h7xx_hal_rcc.o
    0x080065cc   0x080065cc   0x00000004   PAD
    0x080065d0   0x080065d0   0x00000060   Code   RO          449    .text.HAL_RCC_GetPCLK1Freq  stm32h7xx_hal_rcc.o
    0x08006630   0x08006630   0x00000170   Code   RO          439    .text.HAL_RCC_GetSysClockFreq  stm32h7xx_hal_rcc.o
    0x080067a0   0x080067a0   0x0000051a   Code   RO          435    .text.HAL_RCC_OscConfig  stm32h7xx_hal_rcc.o
    0x08006cba   0x08006cba   0x00000006   PAD
    0x08006cc0   0x08006cc0   0x00000002   Code   RO         1689    .text.HAL_TIMEx_Break2Callback  stm32h7xx_hal_tim_ex.o
    0x08006cc2   0x08006cc2   0x00000006   PAD
    0x08006cc8   0x08006cc8   0x00000002   Code   RO         1687    .text.HAL_TIMEx_BreakCallback  stm32h7xx_hal_tim_ex.o
    0x08006cca   0x08006cca   0x00000006   PAD
    0x08006cd0   0x08006cd0   0x00000002   Code   RO         1683    .text.HAL_TIMEx_CommutCallback  stm32h7xx_hal_tim_ex.o
    0x08006cd2   0x08006cd2   0x00000006   PAD
    0x08006cd8   0x08006cd8   0x000000ca   Code   RO         1671    .text.HAL_TIMEx_MasterConfigSynchronization  stm32h7xx_hal_tim_ex.o
    0x08006da2   0x08006da2   0x00000006   PAD
    0x08006da8   0x08006da8   0x00000060   Code   RO         1376    .text.HAL_TIM_Base_Init  stm32h7xx_hal_tim.o
    0x08006e08   0x08006e08   0x00000040   Code   RO           69    .text.HAL_TIM_Base_MspInit  stm32h7xx_hal_msp.o
    0x08006e48   0x08006e48   0x000000ac   Code   RO         1386    .text.HAL_TIM_Base_Start  stm32h7xx_hal_tim.o
    0x08006ef4   0x08006ef4   0x00000004   PAD
    0x08006ef8   0x08006ef8   0x000000b4   Code   RO         1390    .text.HAL_TIM_Base_Start_IT  stm32h7xx_hal_tim.o
    0x08006fac   0x08006fac   0x00000004   PAD
    0x08006fb0   0x08006fb0   0x00000034   Code   RO         1388    .text.HAL_TIM_Base_Stop  stm32h7xx_hal_tim.o
    0x08006fe4   0x08006fe4   0x00000004   PAD
    0x08006fe8   0x08006fe8   0x0000003c   Code   RO         1392    .text.HAL_TIM_Base_Stop_IT  stm32h7xx_hal_tim.o
    0x08007024   0x08007024   0x00000004   PAD
    0x08007028   0x08007028   0x000001fc   Code   RO         1556    .text.HAL_TIM_ConfigClockSource  stm32h7xx_hal_tim.o
    0x08007224   0x08007224   0x00000004   PAD
    0x08007228   0x08007228   0x00000002   Code   RO         1512    .text.HAL_TIM_IC_CaptureCallback  stm32h7xx_hal_tim.o
    0x0800722a   0x0800722a   0x00000006   PAD
    0x08007230   0x08007230   0x0000018c   Code   RO         1510    .text.HAL_TIM_IRQHandler  stm32h7xx_hal_tim.o
    0x080073bc   0x080073bc   0x00000004   PAD
    0x080073c0   0x080073c0   0x00000002   Code   RO         1514    .text.HAL_TIM_OC_DelayElapsedCallback  stm32h7xx_hal_tim.o
    0x080073c2   0x080073c2   0x00000006   PAD
    0x080073c8   0x080073c8   0x00000002   Code   RO         1516    .text.HAL_TIM_PWM_PulseFinishedCallback  stm32h7xx_hal_tim.o
    0x080073ca   0x080073ca   0x00000006   PAD
    0x080073d0   0x080073d0   0x00000014   Code   RO           19    .text.HAL_TIM_PeriodElapsedCallback  main.o
    0x080073e4   0x080073e4   0x00000004   PAD
    0x080073e8   0x080073e8   0x00000002   Code   RO         1520    .text.HAL_TIM_TriggerCallback  stm32h7xx_hal_tim.o
    0x080073ea   0x080073ea   0x00000006   PAD
    0x080073f0   0x080073f0   0x00000002   Code   RO           38    .text.HardFault_Handler  stm32h7xx_it.o
    0x080073f2   0x080073f2   0x00000006   PAD
    0x080073f8   0x080073f8   0x0000006c   Code   RO           96    .text.MX_USB_DEVICE_Init  usb_device.o
    0x08007464   0x08007464   0x00000004   PAD
    0x08007468   0x08007468   0x00000002   Code   RO           40    .text.MemManage_Handler  stm32h7xx_it.o
    0x0800746a   0x0800746a   0x00000006   PAD
    0x08007470   0x08007470   0x00000002   Code   RO           36    .text.NMI_Handler   stm32h7xx_it.o
    0x08007472   0x08007472   0x00000006   PAD
    0x08007478   0x08007478   0x0000000c   Code   RO           52    .text.OTG_FS_IRQHandler  stm32h7xx_it.o
    0x08007484   0x08007484   0x0000000c   PAD
    0x08007490   0x08007490   0x00000064   Code   RO         1737    .text.PendSV_Handler  port.o
    0x080074f4   0x080074f4   0x00000004   PAD
    0x080074f8   0x080074f8   0x00000122   Code   RO          471    .text.RCCEx_PLL2_Config  stm32h7xx_hal_rcc_ex.o
    0x0800761a   0x0800761a   0x00000006   PAD
    0x08007620   0x08007620   0x00000122   Code   RO          473    .text.RCCEx_PLL3_Config  stm32h7xx_hal_rcc_ex.o
    0x08007742   0x08007742   0x0000000e   PAD
    0x08007750   0x08007750   0x00000024   Code   RO         1721    .text.SVC_Handler   port.o
    0x08007774   0x08007774   0x00000004   PAD
    0x08007778   0x08007778   0x0000001e   Code   RO         2102    .text.SysTick_Handler  cmsis_os2.o
    0x08007796   0x08007796   0x00000002   PAD
    0x08007798   0x08007798   0x00000150   Code   RO           13    .text.SystemClock_Config  main.o
    0x080078e8   0x080078e8   0x000000cc   Code   RO         1703    .text.SystemInit    system_stm32h7xx.o
    0x080079b4   0x080079b4   0x00000004   PAD
    0x080079b8   0x080079b8   0x000000c4   Code   RO         2451    .text.TIM2_IRQHandler  protocol.o
    0x08007a7c   0x08007a7c   0x00000004   PAD
    0x08007a80   0x08007a80   0x0000000c   Code   RO           50    .text.TIM6_DAC_IRQHandler  stm32h7xx_it.o
    0x08007a8c   0x08007a8c   0x00000004   PAD
    0x08007a90   0x08007a90   0x00000158   Code   RO         1380    .text.TIM_Base_SetConfig  stm32h7xx_hal_tim.o
    0x08007be8   0x08007be8   0x00000072   Code   RO         2394    .text.USBD_CDC_DataIn  usbd_cdc.o
    0x08007c5a   0x08007c5a   0x00000006   PAD
    0x08007c60   0x08007c60   0x0000003c   Code   RO         2396    .text.USBD_CDC_DataOut  usbd_cdc.o
    0x08007c9c   0x08007c9c   0x00000004   PAD
    0x08007ca0   0x08007ca0   0x0000005a   Code   RO         2388    .text.USBD_CDC_DeInit  usbd_cdc.o
    0x08007cfa   0x08007cfa   0x00000006   PAD
    0x08007d00   0x08007d00   0x0000003c   Code   RO         2392    .text.USBD_CDC_EP0_RxReady  usbd_cdc.o
    0x08007d3c   0x08007d3c   0x00000004   PAD
    0x08007d40   0x08007d40   0x00000010   Code   RO         2404    .text.USBD_CDC_GetDeviceQualifierDescriptor  usbd_cdc.o
    0x08007d50   0x08007d50   0x00000052   Code   RO         2400    .text.USBD_CDC_GetFSCfgDesc  usbd_cdc.o
    0x08007da2   0x08007da2   0x00000006   PAD
    0x08007da8   0x08007da8   0x00000056   Code   RO         2398    .text.USBD_CDC_GetHSCfgDesc  usbd_cdc.o
    0x08007dfe   0x08007dfe   0x00000002   PAD
    0x08007e00   0x08007e00   0x00000052   Code   RO         2402    .text.USBD_CDC_GetOtherSpeedCfgDesc  usbd_cdc.o
    0x08007e52   0x08007e52   0x00000006   PAD
    0x08007e58   0x08007e58   0x000000d8   Code   RO         2386    .text.USBD_CDC_Init  usbd_cdc.o
    0x08007f30   0x08007f30   0x00000030   Code   RO         2414    .text.USBD_CDC_ReceivePacket  usbd_cdc.o
    0x08007f60   0x08007f60   0x00000018   Code   RO         2406    .text.USBD_CDC_RegisterInterface  usbd_cdc.o
    0x08007f78   0x08007f78   0x0000001c   Code   RO         2410    .text.USBD_CDC_SetRxBuffer  usbd_cdc.o
    0x08007f94   0x08007f94   0x00000004   PAD
    0x08007f98   0x08007f98   0x00000020   Code   RO         2408    .text.USBD_CDC_SetTxBuffer  usbd_cdc.o
    0x08007fb8   0x08007fb8   0x000000fc   Code   RO         2390    .text.USBD_CDC_Setup  usbd_cdc.o
    0x080080b4   0x080080b4   0x00000004   PAD
    0x080080b8   0x080080b8   0x0000003e   Code   RO         2412    .text.USBD_CDC_TransmitPacket  usbd_cdc.o
    0x080080f6   0x080080f6   0x00000002   PAD
    0x080080f8   0x080080f8   0x00000012   Code   RO         2301    .text.USBD_ClrClassConfig  usbd_core.o
    0x0800810a   0x0800810a   0x00000006   PAD
    0x08008110   0x08008110   0x00000004   Code   RO         2309    .text.USBD_CoreFindEP  usbd_core.o
    0x08008114   0x08008114   0x00000004   PAD
    0x08008118   0x08008118   0x00000004   Code   RO         2307    .text.USBD_CoreFindIF  usbd_core.o
    0x0800811c   0x0800811c   0x00000004   PAD
    0x08008120   0x08008120   0x00000010   Code   RO         2370    .text.USBD_CtlContinueRx  usbd_ioreq.o
    0x08008130   0x08008130   0x00000010   Code   RO         2366    .text.USBD_CtlContinueSendData  usbd_ioreq.o
    0x08008140   0x08008140   0x00000016   Code   RO         2345    .text.USBD_CtlError  usbd_ctlreq.o
    0x08008156   0x08008156   0x00000002   PAD
    0x08008158   0x08008158   0x0000001e   Code   RO         2368    .text.USBD_CtlPrepareRx  usbd_ioreq.o
    0x08008176   0x08008176   0x00000002   PAD
    0x08008178   0x08008178   0x00000016   Code   RO         2374    .text.USBD_CtlReceiveStatus  usbd_ioreq.o
    0x0800818e   0x0800818e   0x00000002   PAD
    0x08008190   0x08008190   0x0000001a   Code   RO         2364    .text.USBD_CtlSendData  usbd_ioreq.o
    0x080081aa   0x080081aa   0x00000006   PAD
    0x080081b0   0x080081b0   0x00000016   Code   RO         2372    .text.USBD_CtlSendStatus  usbd_ioreq.o
    0x080081c6   0x080081c6   0x00000002   PAD
    0x080081c8   0x080081c8   0x00000024   Code   RO          115    .text.USBD_FS_ConfigStrDescriptor  usbd_desc.o
    0x080081ec   0x080081ec   0x00000004   PAD
    0x080081f0   0x080081f0   0x0000000e   Code   RO          105    .text.USBD_FS_DeviceDescriptor  usbd_desc.o
    0x080081fe   0x080081fe   0x00000002   PAD
    0x08008200   0x08008200   0x00000028   Code   RO          117    .text.USBD_FS_InterfaceStrDescriptor  usbd_desc.o
    0x08008228   0x08008228   0x0000000e   Code   RO          107    .text.USBD_FS_LangIDStrDescriptor  usbd_desc.o
    0x08008236   0x08008236   0x00000002   PAD
    0x08008238   0x08008238   0x0000002c   Code   RO          109    .text.USBD_FS_ManufacturerStrDescriptor  usbd_desc.o
    0x08008264   0x08008264   0x00000004   PAD
    0x08008268   0x08008268   0x00000030   Code   RO          111    .text.USBD_FS_ProductStrDescriptor  usbd_desc.o
    0x08008298   0x08008298   0x0000016e   Code   RO          113    .text.USBD_FS_SerialStrDescriptor  usbd_desc.o
    0x08008406   0x08008406   0x00000002   PAD
    0x08008408   0x08008408   0x00000044   Code   RO         2331    .text.USBD_GetEpDesc  usbd_core.o
    0x0800844c   0x0800844c   0x00000004   PAD
    0x08008450   0x08008450   0x000000d6   Code   RO         2353    .text.USBD_GetString  usbd_ctlreq.o
    0x08008526   0x08008526   0x00000002   PAD
    0x08008528   0x08008528   0x00000028   Code   RO         2287    .text.USBD_Init     usbd_core.o
    0x08008550   0x08008550   0x00000022   Code   RO          199    .text.USBD_LL_ClearStallEP  usbd_conf.o
    0x08008572   0x08008572   0x00000006   PAD
    0x08008578   0x08008578   0x00000022   Code   RO          193    .text.USBD_LL_CloseEP  usbd_conf.o
    0x0800859a   0x0800859a   0x00000006   PAD
    0x080085a0   0x080085a0   0x000000ba   Code   RO         2311    .text.USBD_LL_DataInStage  usbd_core.o
    0x0800865a   0x0800865a   0x00000006   PAD
    0x08008660   0x08008660   0x00000078   Code   RO         2305    .text.USBD_LL_DataOutStage  usbd_core.o
    0x080086d8   0x080086d8   0x00000004   Code   RO         2327    .text.USBD_LL_DevConnected  usbd_core.o
    0x080086dc   0x080086dc   0x00000004   PAD
    0x080086e0   0x080086e0   0x00000020   Code   RO         2329    .text.USBD_LL_DevDisconnected  usbd_core.o
    0x08008700   0x08008700   0x00000008   Code   RO          209    .text.USBD_LL_GetRxDataSize  usbd_conf.o
    0x08008708   0x08008708   0x00000072   Code   RO          181    .text.USBD_LL_Init  usbd_conf.o
    0x0800877a   0x0800877a   0x00000006   PAD
    0x08008780   0x08008780   0x00000020   Code   RO          201    .text.USBD_LL_IsStallEP  usbd_conf.o
    0x080087a0   0x080087a0   0x00000028   Code   RO         2323    .text.USBD_LL_IsoINIncomplete  usbd_core.o
    0x080087c8   0x080087c8   0x00000028   Code   RO         2325    .text.USBD_LL_IsoOUTIncomplete  usbd_core.o
    0x080087f0   0x080087f0   0x00000028   Code   RO          191    .text.USBD_LL_OpenEP  usbd_conf.o
    0x08008818   0x08008818   0x00000022   Code   RO          207    .text.USBD_LL_PrepareReceive  usbd_conf.o
    0x0800883a   0x0800883a   0x00000006   PAD
    0x08008840   0x08008840   0x00000066   Code   RO         2313    .text.USBD_LL_Reset  usbd_core.o
    0x080088a6   0x080088a6   0x00000002   PAD
    0x080088a8   0x080088a8   0x00000014   Code   RO         2319    .text.USBD_LL_Resume  usbd_core.o
    0x080088bc   0x080088bc   0x00000004   PAD
    0x080088c0   0x080088c0   0x0000001a   Code   RO         2321    .text.USBD_LL_SOF   usbd_core.o
    0x080088da   0x080088da   0x00000006   PAD
    0x080088e0   0x080088e0   0x00000008   Code   RO         2315    .text.USBD_LL_SetSpeed  usbd_core.o
    0x080088e8   0x080088e8   0x00000022   Code   RO          203    .text.USBD_LL_SetUSBAddress  usbd_conf.o
    0x0800890a   0x0800890a   0x00000006   PAD
    0x08008910   0x08008910   0x00000062   Code   RO         2303    .text.USBD_LL_SetupStage  usbd_core.o
    0x08008972   0x08008972   0x00000006   PAD
    0x08008978   0x08008978   0x00000022   Code   RO          197    .text.USBD_LL_StallEP  usbd_conf.o
    0x0800899a   0x0800899a   0x00000006   PAD
    0x080089a0   0x080089a0   0x00000022   Code   RO          187    .text.USBD_LL_Start  usbd_conf.o
    0x080089c2   0x080089c2   0x00000006   PAD
    0x080089c8   0x080089c8   0x00000014   Code   RO         2317    .text.USBD_LL_Suspend  usbd_core.o
    0x080089dc   0x080089dc   0x00000004   PAD
    0x080089e0   0x080089e0   0x00000022   Code   RO          205    .text.USBD_LL_Transmit  usbd_conf.o
    0x08008a02   0x08008a02   0x00000006   PAD
    0x08008a08   0x08008a08   0x00000016   Code   RO         2351    .text.USBD_ParseSetupRequest  usbd_ctlreq.o
    0x08008a1e   0x08008a1e   0x00000002   PAD
    0x08008a20   0x08008a20   0x00000046   Code   RO         2291    .text.USBD_RegisterClass  usbd_core.o
    0x08008a66   0x08008a66   0x00000002   PAD
    0x08008a68   0x08008a68   0x00000010   Code   RO         2299    .text.USBD_SetClassConfig  usbd_core.o
    0x08008a78   0x08008a78   0x00000004   Code   RO         2293    .text.USBD_Start    usbd_core.o
    0x08008a7c   0x08008a7c   0x00000004   PAD
    0x08008a80   0x08008a80   0x0000037e   Code   RO         2343    .text.USBD_StdDevReq  usbd_ctlreq.o
    0x08008dfe   0x08008dfe   0x00000002   PAD
    0x08008e00   0x08008e00   0x00000182   Code   RO         2349    .text.USBD_StdEPReq  usbd_ctlreq.o
    0x08008f82   0x08008f82   0x00000006   PAD
    0x08008f88   0x08008f88   0x00000094   Code   RO         2347    .text.USBD_StdItfReq  usbd_ctlreq.o
    0x0800901c   0x0800901c   0x00000004   PAD
    0x08009020   0x08009020   0x00000002   Code   RO          213    .text.USBD_static_free  usbd_conf.o
    0x08009022   0x08009022   0x00000006   PAD
    0x08009028   0x08009028   0x0000000a   Code   RO          211    .text.USBD_static_malloc  usbd_conf.o
    0x08009032   0x08009032   0x00000006   PAD
    0x08009038   0x08009038   0x00000088   Code   RO          351    .text.USB_ActivateEndpoint  stm32h7xx_ll_usb.o
    0x080090c0   0x080090c0   0x00000020   Code   RO          393    .text.USB_ActivateSetup  stm32h7xx_ll_usb.o
    0x080090e0   0x080090e0   0x00000204   Code   RO          329    .text.USB_CoreInit  stm32h7xx_ll_usb.o
    0x080092e4   0x080092e4   0x00000004   PAD
    0x080092e8   0x080092e8   0x00000084   Code   RO          355    .text.USB_DeactivateEndpoint  stm32h7xx_ll_usb.o
    0x0800936c   0x0800936c   0x00000004   PAD
    0x08009370   0x08009370   0x0000001e   Code   RO          377    .text.USB_DevConnect  stm32h7xx_ll_usb.o
    0x0800938e   0x0800938e   0x00000002   PAD
    0x08009390   0x08009390   0x0000001e   Code   RO          379    .text.USB_DevDisconnect  stm32h7xx_ll_usb.o
    0x080093ae   0x080093ae   0x00000002   PAD
    0x080093b0   0x080093b0   0x0000047e   Code   RO          341    .text.USB_DevInit   stm32h7xx_ll_usb.o
    0x0800982e   0x0800982e   0x00000002   PAD
    0x08009830   0x08009830   0x0000000e   Code   RO          335    .text.USB_DisableGlobalInt  stm32h7xx_ll_usb.o
    0x0800983e   0x0800983e   0x00000002   PAD
    0x08009840   0x08009840   0x000000fc   Code   RO          363    .text.USB_EP0StartXfer  stm32h7xx_ll_usb.o
    0x0800993c   0x0800993c   0x00000004   PAD
    0x08009940   0x08009940   0x0000005a   Code   RO          395    .text.USB_EP0_OutStart  stm32h7xx_ll_usb.o
    0x0800999a   0x0800999a   0x00000006   PAD
    0x080099a0   0x080099a0   0x0000004e   Code   RO          371    .text.USB_EPClearStall  stm32h7xx_ll_usb.o
    0x080099ee   0x080099ee   0x00000002   PAD
    0x080099f0   0x080099f0   0x00000040   Code   RO          369    .text.USB_EPSetStall  stm32h7xx_ll_usb.o
    0x08009a30   0x08009a30   0x00000208   Code   RO          359    .text.USB_EPStartXfer  stm32h7xx_ll_usb.o
    0x08009c38   0x08009c38   0x0000010e   Code   RO          365    .text.USB_EPStopXfer  stm32h7xx_ll_usb.o
    0x08009d46   0x08009d46   0x00000002   PAD
    0x08009d48   0x08009d48   0x0000000e   Code   RO          333    .text.USB_EnableGlobalInt  stm32h7xx_ll_usb.o
    0x08009d56   0x08009d56   0x00000002   PAD
    0x08009d58   0x08009d58   0x000000b6   Code   RO          345    .text.USB_FlushTxFifo  stm32h7xx_ll_usb.o
    0x08009e0e   0x08009e0e   0x00000002   PAD
    0x08009e10   0x08009e10   0x0000001a   Code   RO          349    .text.USB_GetDevSpeed  stm32h7xx_ll_usb.o
    0x08009e2a   0x08009e2a   0x00000006   PAD
    0x08009e30   0x08009e30   0x00000008   Code   RO          339    .text.USB_GetMode   stm32h7xx_ll_usb.o
    0x08009e38   0x08009e38   0x0000000e   Code   RO          385    .text.USB_ReadDevAllInEpInterrupt  stm32h7xx_ll_usb.o
    0x08009e46   0x08009e46   0x00000002   PAD
    0x08009e48   0x08009e48   0x0000000e   Code   RO          383    .text.USB_ReadDevAllOutEpInterrupt  stm32h7xx_ll_usb.o
    0x08009e56   0x08009e56   0x00000002   PAD
    0x08009e58   0x08009e58   0x00000024   Code   RO          389    .text.USB_ReadDevInEPInterrupt  stm32h7xx_ll_usb.o
    0x08009e7c   0x08009e7c   0x00000004   PAD
    0x08009e80   0x08009e80   0x00000010   Code   RO          387    .text.USB_ReadDevOutEPInterrupt  stm32h7xx_ll_usb.o
    0x08009e90   0x08009e90   0x00000008   Code   RO          381    .text.USB_ReadInterrupts  stm32h7xx_ll_usb.o
    0x08009e98   0x08009e98   0x000000ac   Code   RO          367    .text.USB_ReadPacket  stm32h7xx_ll_usb.o
    0x08009f44   0x08009f44   0x00000004   PAD
    0x08009f48   0x08009f48   0x00000064   Code   RO          337    .text.USB_SetCurrentMode  stm32h7xx_ll_usb.o
    0x08009fac   0x08009fac   0x00000004   PAD
    0x08009fb0   0x08009fb0   0x00000022   Code   RO          375    .text.USB_SetDevAddress  stm32h7xx_ll_usb.o
    0x08009fd2   0x08009fd2   0x00000006   PAD
    0x08009fd8   0x08009fd8   0x00000120   Code   RO          331    .text.USB_SetTurnaroundTime  stm32h7xx_ll_usb.o
    0x0800a0f8   0x0800a0f8   0x0000007c   Code   RO          361    .text.USB_WritePacket  stm32h7xx_ll_usb.o
    0x0800a174   0x0800a174   0x00000004   PAD
    0x0800a178   0x0800a178   0x00000002   Code   RO           44    .text.UsageFault_Handler  stm32h7xx_it.o
    0x0800a17a   0x0800a17a   0x00000006   PAD
    0x0800a180   0x0800a180   0x00000046   Code   RO         2453    .text._GLOBAL__sub_I_protocol.cpp  protocol.o
    0x0800a1c6   0x0800a1c6   0x00000002   PAD
    0x0800a1c8   0x0800a1c8   0x00000034   Code   RO         2447    .text._Z10dataThreadPv  protocol.o
    0x0800a1fc   0x0800a1fc   0x00000004   PAD
    0x0800a200   0x0800a200   0x00000080   Code   RO         2441    .text._Z11InitPacketsv  protocol.o
    0x0800a280   0x0800a280   0x000000e0   Code   RO         2443    .text._Z19setAcquisitionStateb  protocol.o
    0x0800a360   0x0800a360   0x000000c0   Code   RO         2445    .text._Z8parseCmdPh  protocol.o
    0x0800a420   0x0800a420   0x00000024   Code   RO         2473    .text._ZN14CircularQueueTIhLj64EED0Ev  protocol.o
    0x0800a444   0x0800a444   0x00000004   PAD
    0x0800a448   0x0800a448   0x00000022   Code   RO         2471    .text._ZN14CircularQueueTIhLj64EED2Ev  protocol.o
    0x0800a46a   0x0800a46a   0x00000004   Code   RO         2559    .text._ZdlPv        libcpp_w.l(new.cpp.o)
    0x0800a46e   0x0800a46e   0x00000002   PAD
    0x0800a470   0x0800a470   0x00000432   Code   RO           11    .text.main          main.o
    0x0800a8a2   0x0800a8a2   0x00000006   PAD
    0x0800a8a8   0x0800a8a8   0x000000bc   Code   RO         2427    .text.mainThread    frond.o
    0x0800a964   0x0800a964   0x00000004   PAD
    0x0800a968   0x0800a968   0x00000020   Code   RO         2162    .text.osDelay       cmsis_os2.o
    0x0800a988   0x0800a988   0x0000002a   Code   RO         2104    .text.osKernelInitialize  cmsis_os2.o
    0x0800a9b2   0x0800a9b2   0x00000006   PAD
    0x0800a9b8   0x0800a9b8   0x0000003e   Code   RO         2110    .text.osKernelStart  cmsis_os2.o
    0x0800a9f6   0x0800a9f6   0x00000002   PAD
    0x0800a9f8   0x0800a9f8   0x0000008c   Code   RO         2216    .text.osMessageQueueGet  cmsis_os2.o
    0x0800aa84   0x0800aa84   0x00000004   PAD
    0x0800aa88   0x0800aa88   0x00000094   Code   RO         2212    .text.osMessageQueueNew  cmsis_os2.o
    0x0800ab1c   0x0800ab1c   0x00000004   PAD
    0x0800ab20   0x0800ab20   0x000000a8   Code   RO         2214    .text.osMessageQueuePut  cmsis_os2.o
    0x0800abc8   0x0800abc8   0x00000026   Code   RO         2226    .text.osMessageQueueReset  cmsis_os2.o
    0x0800abee   0x0800abee   0x00000002   PAD
    0x0800abf0   0x0800abf0   0x0000002a   Code   RO         2210    .text.osSemaphoreDelete  cmsis_os2.o
    0x0800ac1a   0x0800ac1a   0x00000006   PAD
    0x0800ac20   0x0800ac20   0x00000084   Code   RO         2154    .text.osThreadFlagsSet  cmsis_os2.o
    0x0800aca4   0x0800aca4   0x00000004   PAD
    0x0800aca8   0x0800aca8   0x0000017e   Code   RO         2160    .text.osThreadFlagsWait  cmsis_os2.o
    0x0800ae26   0x0800ae26   0x00000002   PAD
    0x0800ae28   0x0800ae28   0x00000004   Code   RO         2130    .text.osThreadGetId  cmsis_os2.o
    0x0800ae2c   0x0800ae2c   0x00000004   PAD
    0x0800ae30   0x0800ae30   0x00000098   Code   RO         2126    .text.osThreadNew   cmsis_os2.o
    0x0800aec8   0x0800aec8   0x0000028a   Code   RO         1937    .text.prvAddNewTaskToReadyList  tasks.o
    0x0800b152   0x0800b152   0x00000006   PAD
    0x0800b158   0x0800b158   0x0000008a   Code   RO         1969    .text.prvIdleTask   tasks.o
    0x0800b1e2   0x0800b1e2   0x00000006   PAD
    0x0800b1e8   0x0800b1e8   0x00000126   Code   RO         1935    .text.prvInitialiseNewTask  tasks.o
    0x0800b30e   0x0800b30e   0x00000002   PAD
    0x0800b310   0x0800b310   0x00000028   Code   RO         1729    .text.prvPortStartFirstTask  port.o
    0x0800b338   0x0800b338   0x00000044   Code   RO         1719    .text.prvTaskExitError  port.o
    0x0800b37c   0x0800b37c   0x00000004   PAD
    0x0800b380   0x0800b380   0x0000039e   Code   RO         2054    .text.prvTimerTask  timers.o
    0x0800b71e   0x0800b71e   0x00000002   PAD
    0x0800b720   0x0800b720   0x0000007a   Code   RO         1834    .text.prvUnlockQueue  queue.o
    0x0800b79a   0x0800b79a   0x00000006   PAD
    0x0800b7a0   0x0800b7a0   0x00000214   Code   RO         2265    .text.pvPortMalloc  heap_4.o
    0x0800b9b4   0x0800b9b4   0x00000004   PAD
    0x0800b9b8   0x0800b9b8   0x0000002c   Code   RO         1717    .text.pxPortInitialiseStack  port.o
    0x0800b9e4   0x0800b9e4   0x00000004   PAD
    0x0800b9e8   0x0800b9e8   0x00000082   Code   RO         2439    .text.usbRxCallback  protocol.o
    0x0800ba6a   0x0800ba6a   0x00000006   PAD
    0x0800ba70   0x0800ba70   0x0000002a   Code   RO         1798    .text.uxListRemove  list.o
    0x0800ba9a   0x0800ba9a   0x00000006   PAD
    0x0800baa0   0x0800baa0   0x0000001a   Code   RO         2248    .text.vApplicationGetIdleTaskMemory  cmsis_os2.o
    0x0800baba   0x0800baba   0x00000006   PAD
    0x0800bac0   0x0800bac0   0x0000001c   Code   RO         2250    .text.vApplicationGetTimerTaskMemory  cmsis_os2.o
    0x0800badc   0x0800badc   0x00000004   PAD
    0x0800bae0   0x0800bae0   0x00000016   Code   RO         1790    .text.vListInitialise  list.o
    0x0800baf6   0x0800baf6   0x00000002   PAD
    0x0800baf8   0x0800baf8   0x00000006   Code   RO         1792    .text.vListInitialiseItem  list.o
    0x0800bafe   0x0800bafe   0x00000002   PAD
    0x0800bb00   0x0800bb00   0x00000062   Code   RO         1796    .text.vListInsert   list.o
    0x0800bb62   0x0800bb62   0x00000006   PAD
    0x0800bb68   0x0800bb68   0x0000001c   Code   RO         1794    .text.vListInsertEnd  list.o
    0x0800bb84   0x0800bb84   0x00000004   PAD
    0x0800bb88   0x0800bb88   0x00000014   Code   RO         1727    .text.vPortEnableVFP  port.o
    0x0800bb9c   0x0800bb9c   0x00000004   PAD
    0x0800bba0   0x0800bba0   0x00000052   Code   RO         1733    .text.vPortEnterCritical  port.o
    0x0800bbf2   0x0800bbf2   0x00000006   PAD
    0x0800bbf8   0x0800bbf8   0x00000032   Code   RO         1735    .text.vPortExitCritical  port.o
    0x0800bc2a   0x0800bc2a   0x00000006   PAD
    0x0800bc30   0x0800bc30   0x000000dc   Code   RO         2267    .text.vPortFree     heap_4.o
    0x0800bd0c   0x0800bd0c   0x00000004   PAD
    0x0800bd10   0x0800bd10   0x00000034   Code   RO         1725    .text.vPortSetupTimerInterrupt  port.o
    0x0800bd44   0x0800bd44   0x00000004   PAD
    0x0800bd48   0x0800bd48   0x00000066   Code   RO         1741    .text.vPortValidateInterruptPriority  port.o
    0x0800bdae   0x0800bdae   0x00000002   PAD
    0x0800bdb0   0x0800bdb0   0x000000b0   Code   RO         1868    .text.vQueueAddToRegistry  queue.o
    0x0800be60   0x0800be60   0x000000ac   Code   RO         1854    .text.vQueueDelete  queue.o
    0x0800bf0c   0x0800bf0c   0x00000004   PAD
    0x0800bf10   0x0800bf10   0x000000c0   Code   RO         1856    .text.vQueueUnregisterQueue  queue.o
    0x0800bfd0   0x0800bfd0   0x00000064   Code   RO         1872    .text.vQueueWaitForMessageRestricted  queue.o
    0x0800c034   0x0800c034   0x00000004   PAD
    0x0800c038   0x0800c038   0x00000084   Code   RO         1949    .text.vTaskDelay    tasks.o
    0x0800c0bc   0x0800c0bc   0x00000004   PAD
    0x0800c0c0   0x0800c0c0   0x00000012   Code   RO         1999    .text.vTaskInternalSetTimeOutState  tasks.o
    0x0800c0d2   0x0800c0d2   0x00000006   PAD
    0x0800c0d8   0x0800c0d8   0x0000000e   Code   RO         2003    .text.vTaskMissedYield  tasks.o
    0x0800c0e6   0x0800c0e6   0x00000002   PAD
    0x0800c0e8   0x0800c0e8   0x00000078   Code   RO         1987    .text.vTaskPlaceOnEventList  tasks.o
    0x0800c160   0x0800c160   0x0000007e   Code   RO         1991    .text.vTaskPlaceOnEventListRestricted  tasks.o
    0x0800c1de   0x0800c1de   0x00000002   PAD
    0x0800c1e0   0x0800c1e0   0x00000104   Code   RO         1967    .text.vTaskStartScheduler  tasks.o
    0x0800c2e4   0x0800c2e4   0x00000004   PAD
    0x0800c2e8   0x0800c2e8   0x00000010   Code   RO         1945    .text.vTaskSuspendAll  tasks.o
    0x0800c2f8   0x0800c2f8   0x000000c0   Code   RO         1961    .text.vTaskSwitchContext  tasks.o
    0x0800c3b8   0x0800c3b8   0x0000014a   Code   RO         1723    .text.xPortStartScheduler  port.o
    0x0800c502   0x0800c502   0x00000006   PAD
    0x0800c508   0x0800c508   0x00000032   Code   RO         1739    .text.xPortSysTickHandler  port.o
    0x0800c53a   0x0800c53a   0x00000006   PAD
    0x0800c540   0x0800c540   0x0000008a   Code   RO         1812    .text.xQueueGenericCreate  queue.o
    0x0800c5ca   0x0800c5ca   0x00000006   PAD
    0x0800c5d0   0x0800c5d0   0x000000f8   Code   RO         1810    .text.xQueueGenericCreateStatic  queue.o
    0x0800c6c8   0x0800c6c8   0x00000090   Code   RO         1808    .text.xQueueGenericReset  queue.o
    0x0800c758   0x0800c758   0x0000024e   Code   RO         1824    .text.xQueueGenericSend  queue.o
    0x0800c9a6   0x0800c9a6   0x00000002   PAD
    0x0800c9a8   0x0800c9a8   0x00000168   Code   RO         1836    .text.xQueueGenericSendFromISR  queue.o
    0x0800cb10   0x0800cb10   0x000001ca   Code   RO         1840    .text.xQueueReceive  queue.o
    0x0800ccda   0x0800ccda   0x00000006   PAD
    0x0800cce0   0x0800cce0   0x000000f8   Code   RO         1844    .text.xQueueReceiveFromISR  queue.o
    0x0800cdd8   0x0800cdd8   0x000000aa   Code   RO         2001    .text.xTaskCheckForTimeOut  tasks.o
    0x0800ce82   0x0800ce82   0x00000006   PAD
    0x0800ce88   0x0800ce88   0x00000060   Code   RO         1939    .text.xTaskCreate   tasks.o
    0x0800cee8   0x0800cee8   0x00000086   Code   RO         1933    .text.xTaskCreateStatic  tasks.o
    0x0800cf6e   0x0800cf6e   0x00000002   PAD
    0x0800cf70   0x0800cf70   0x0000012a   Code   RO         2031    .text.xTaskGenericNotify  tasks.o
    0x0800d09a   0x0800d09a   0x00000006   PAD
    0x0800d0a0   0x0800d0a0   0x00000146   Code   RO         2033    .text.xTaskGenericNotifyFromISR  tasks.o
    0x0800d1e6   0x0800d1e6   0x00000002   PAD
    0x0800d1e8   0x0800d1e8   0x0000000c   Code   RO         2013    .text.xTaskGetCurrentTaskHandle  tasks.o
    0x0800d1f4   0x0800d1f4   0x00000004   PAD
    0x0800d1f8   0x0800d1f8   0x0000001c   Code   RO         2015    .text.xTaskGetSchedulerState  tasks.o
    0x0800d214   0x0800d214   0x00000004   PAD
    0x0800d218   0x0800d218   0x0000000c   Code   RO         1975    .text.xTaskGetTickCount  tasks.o
    0x0800d224   0x0800d224   0x00000004   PAD
    0x0800d228   0x0800d228   0x00000108   Code   RO         1973    .text.xTaskIncrementTick  tasks.o
    0x0800d330   0x0800d330   0x000000d0   Code   RO         2029    .text.xTaskNotifyWait  tasks.o
    0x0800d400   0x0800d400   0x00000092   Code   RO         2019    .text.xTaskPriorityDisinherit  tasks.o
    0x0800d492   0x0800d492   0x00000006   PAD
    0x0800d498   0x0800d498   0x00000078   Code   RO         1993    .text.xTaskRemoveFromEventList  tasks.o
    0x0800d510   0x0800d510   0x000000f2   Code   RO         1947    .text.xTaskResumeAll  tasks.o
    0x0800d602   0x0800d602   0x00000006   PAD
    0x0800d608   0x0800d608   0x000000b8   Code   RO         2052    .text.xTimerCreateTimerTask  timers.o
    0x0800d6c0   0x0800d6c0   0x0000002c   Code   RO         2808    locale$$code        c_w.l(lc_ctype_c.o)
    0x0800d6ec   0x0800d6ec   0x0000001a   Code   RO         2825    x$fpl$fpinit        fz_wv.l(fpinit.o)
    0x0800d706   0x0800d706   0x00000010   Data   RO         1707    .rodata.D1CorePrescTable  system_stm32h7xx.o
    0x0800d716   0x0800d716   0x00000006   Data   RO         2503    .rodata.LED_PIN     stm32h7xx_nucleo.o
    0x0800d71c   0x0800d71c   0x0000000c   Data   RO         2504    .rodata.LED_PORT    stm32h7xx_nucleo.o
    0x0800d728   0x0800d728   0x000445c0   Data   RO         2461    .rodata._ZL3adc     protocol.o
    0x08051ce8   0x08051ce8   0x00000010   Data   RO         2475    .rodata._ZTV14CircularQueueTIhLj64EE  protocol.o
    0x08051cf8   0x08051cf8   0x00000024   Data   RO           22    .rodata.defaultTask_attributes  main.o
    0x08051d1c   0x08051d1c   0x0000000c   Data   RO           21    .rodata.str1.1      main.o
    0x08051d28   0x08051d28   0x00000005   Data   RO         2092    .rodata.str1.1      timers.o
    0x08051d2d   0x08051d2d   0x00000004   Data   RO         2460    .rodata.str1.1      protocol.o
    0x08051d31   0x08051d31   0x00000003   PAD
    0x08051d34   0x08051d34   0x00000020   Data   RO         2947    Region$$Table       anon$$obj.o
    0x08051d54   0x08051d54   0x00000110   Data   RO         2807    locale$$data        c_w.l(lc_ctype_c.o)
    0x08051e64   0x08051e64   0x00000004   Data   RO         2462    .init_array         protocol.o
    0x08051e68   0x08051e64   0x00000000   Data   RO         2543    .init_array         c_w.l(init_aeabi.o)


    Execution Region RW_IRAM1 (Exec base: 0x20000000, Load base: 0x08051e80, Size: 0x0000f2d8, Max: 0x00020000, ABSOLUTE)

    Exec Addr    Load Addr    Size         Type   Attr      Idx    E Section Name        Object

    0x20000000   0x08051e80   0x00000004   Data   RW         2524    .data               c_w.l(strtok.o)
    0x20000004   0x08051e84   0x00000008   Data   RW         1035    .data..L_MergedGlobals  stm32h7xx_hal.o
    0x2000000c   0x08051e8c   0x00000008   Data   RW         1708    .data..L_MergedGlobals  system_stm32h7xx.o
    0x20000014   0x08051e94   0x0000001c   Data   RW          119    .data.FS_Desc       usbd_desc.o
    0x20000030   0x08051eb0   0x00000038   Data   RW         2416    .data.USBD_CDC      usbd_cdc.o
    0x20000068   0x08051ee8   0x00000043   Data   RW         2418    .data.USBD_CDC_CfgDesc  usbd_cdc.o
    0x200000ab   0x08051f2b   0x00000001   PAD
    0x200000ac   0x08051f2c   0x0000000a   Data   RW         2417    .data.USBD_CDC_DeviceQualifierDesc  usbd_cdc.o
    0x200000b6   0x08051f36   0x00000002   PAD
    0x200000b8   0x08051f38   0x00000012   Data   RW          120    .data.USBD_FS_DeviceDesc  usbd_desc.o
    0x200000ca   0x08051f4a   0x00000002   PAD
    0x200000cc   0x08051f4c   0x00000014   Data   RW          144    .data.USBD_Interface_fops_FS  usbd_cdc_if.o
    0x200000e0   0x08051f60   0x00000004   Data   RW          121    .data.USBD_LangIDDesc  usbd_desc.o
    0x200000e4   0x08051f64   0x0000001a   Data   RW          122    .data.USBD_StringSerial  usbd_desc.o
    0x200000fe   0x08051f7e   0x00000001   Data   RW         2457    .data.forward       protocol.o
    0x200000ff   0x08051f7f   0x00000001   PAD
    0x20000100   0x08051f80   0x00000004   Data   RW         1743    .data.uxCriticalNesting  port.o
    0x20000104   0x08051f84   0x0000001c   PAD
    0x20000120   0x08051fa0   0x00000004   Data   RW         2455    DMABUFFER           protocol.o
    0x20000124   0x08051fa4   0x00000004   PAD
    0x20000128        -       0x00000060   Zero   RW         2753    .bss                c_w.l(libspace.o)
    0x20000188        -       0x00000050   Zero   RW           26    .bss..L_MergedGlobals  main.o
    0x200001d8        -       0x00000008   Zero   RW         1744    .bss..L_MergedGlobals  port.o
    0x200001e0        -       0x00000078   Zero   RW         2042    .bss..L_MergedGlobals  tasks.o
    0x20000258        -       0x0000003c   Zero   RW         2093    .bss..L_MergedGlobals  timers.o
    0x20000294        -       0x00000020   Zero   RW         2278    .bss..L_MergedGlobals  heap_4.o
    0x200002b4        -       0x00000008   Zero   RW         2430    .bss..L_MergedGlobals  frond.o
    0x200002bc        -       0x00000014   Zero   RW         2463    .bss..L_MergedGlobals  protocol.o
    0x200002d0        -       0x00000028   Zero   RW         2043    .bss..L_MergedGlobals.1  tasks.o
    0x200002f8        -       0x00000004   Zero   RW         2252    .bss.KernelState    cmsis_os2.o
    0x200002fc        -       0x00000001   Zero   RW         2355    .bss.USBD_SetConfig.cfgidx  usbd_ctlreq.o
    0x200002fd   0x08051fa4   0x00000003   PAD
    0x20000300        -       0x00000200   Zero   RW          123    .bss.USBD_StrDesc   usbd_desc.o
    0x20000500        -       0x00000220   Zero   RW          218    .bss.USBD_static_malloc.mem  usbd_conf.o
    0x20000720        -       0x00000800   Zero   RW          145    .bss.UserRxBufferFS  usbd_cdc_if.o
    0x20000f20        -       0x00000800   Zero   RW          146    .bss.UserTxBufferFS  usbd_cdc_if.o
    0x20001720        -       0x000002dc   Zero   RW           98    .bss.hUsbDeviceFS   usb_device.o
    0x200019fc        -       0x00000064   Zero   RW           23    .bss.hadc3          main.o
    0x20001a60        -       0x00000078   Zero   RW           24    .bss.hdma_adc3      main.o
    0x20001ad8        -       0x0000050c   Zero   RW          217    .bss.hpcd_USB_OTG_FS  usbd_conf.o
    0x20001fe4        -       0x0000004c   Zero   RW           87    .bss.htim6          stm32h7xx_hal_timebase_tim.o
    0x20002030        -       0x00004000   Zero   RW         2458    .bss.packets        protocol.o
    0x20006030        -       0x000000a0   Zero   RW         2091    .bss.prvCheckForValidListAndQueue.ucStaticTimerQueueStorage  timers.o
    0x200060d0        -       0x00000050   Zero   RW         2090    .bss.prvCheckForValidListAndQueue.xStaticTimerQueue  timers.o
    0x20006120        -       0x00000460   Zero   RW         2041    .bss.pxReadyTasksLists  tasks.o
    0x20006580        -       0x00000058   Zero   RW         2459    .bss.rxQueue        protocol.o
    0x200065d8        -       0x00008000   Zero   RW         2277    .bss.ucHeap         heap_4.o
    0x2000e5d8        -       0x00000004   Zero   RW         1034    .bss.uwTick         stm32h7xx_hal.o
    0x2000e5dc        -       0x00000200   Zero   RW         2254    .bss.vApplicationGetIdleTaskMemory.Idle_Stack  cmsis_os2.o
    0x2000e7dc        -       0x0000005c   Zero   RW         2253    .bss.vApplicationGetIdleTaskMemory.Idle_TCB  cmsis_os2.o
    0x2000e838        -       0x00000400   Zero   RW         2256    .bss.vApplicationGetTimerTaskMemory.Timer_Stack  cmsis_os2.o
    0x2000ec38        -       0x0000005c   Zero   RW         2255    .bss.vApplicationGetTimerTaskMemory.Timer_TCB  cmsis_os2.o
    0x2000ec94        -       0x00000040   Zero   RW         1874    .bss.xQueueRegistry  queue.o
    0x2000ecd4   0x08051fa4   0x00000004   PAD
    0x2000ecd8        -       0x00000200   Zero   RW            2    HEAP                startup_stm32h743xx.o
    0x2000eed8        -       0x00000400   Zero   RW            1    STACK               startup_stm32h743xx.o


==============================================================================

Image component sizes


      Code (inc. data)   RO Data    RW Data    ZI Data      Debug   Object Name

      1426          0          0          0       1724      46934   cmsis_os2.o
       188          0          0          0          8      17642   frond.o
       752          0          0          0      32800       5686   heap_4.o
       196          0          0          0          0       2301   list.o
      1440          0         48          0        300      19123   main.o
       974         16          0          4          8       4000   port.o
      1188         16     280024          5      16492      26944   protocol.o
      2948          0          0          0         64      28783   queue.o
        64         26        664          0       1536        816   startup_stm32h743xx.o
       192          0          0          8          4      14938   stm32h7xx_hal.o
      3772         12          0          0          0      27761   stm32h7xx_hal_adc.o
        10          0          0          0          0      30020   stm32h7xx_hal_adc_ex.o
       156          0          0          0          0      12246   stm32h7xx_hal_cortex.o
      7100         54          0          0          0      18228   stm32h7xx_hal_dma.o
       496          0          0          0          0       7070   stm32h7xx_hal_gpio.o
       354          0          0          0          0      13772   stm32h7xx_hal_msp.o
      3490          0          0          0          0      16759   stm32h7xx_hal_pcd.o
       282          0          0          0          0       6238   stm32h7xx_hal_pcd_ex.o
        94          0          0          0          0      10581   stm32h7xx_hal_pwr_ex.o
      2550         16          0          0          0      11705   stm32h7xx_hal_rcc.o
      5930        246          0          0          0      19738   stm32h7xx_hal_rcc_ex.o
      1816          0          0          0          0      64448   stm32h7xx_hal_tim.o
       208          0          0          0          0      25219   stm32h7xx_hal_tim_ex.o
       164          0          0          0         76       9795   stm32h7xx_hal_timebase_tim.o
        60          0          0          0          0       9106   stm32h7xx_it.o
      4350          0          0          0          0      33245   stm32h7xx_ll_usb.o
        96          0         18          0          0      10056   stm32h7xx_nucleo.o
       204          0         16          8          0       5892   system_stm32h7xx.o
      4016         20          0          0       1280      42956   tasks.o
      1110         20          5          0        300      16254   timers.o
       108          0          0          0        732       3213   usb_device.o
      1252         12          0        133          0      11867   usbd_cdc.o
       146          0          0         20       4096       5023   usbd_cdc_if.o
       798          0          0          0       1836      22633   usbd_conf.o
       920          0          0          0          0      10703   usbd_core.o
      1686         34          0          0          1      10222   usbd_ctlreq.o
       562         72          0         76        512       4159   usbd_desc.o
       132          0          0          0          0       4664   usbd_ioreq.o

    ----------------------------------------------------------------------
     52186        572     280810        288      61780     630740   Object Totals
         0          0         32          0          0          0   (incl. Generated)
       956         28          3         34         11          0   (incl. Padding)

    ----------------------------------------------------------------------

      Code (inc. data)   RO Data    RW Data    ZI Data      Debug   Library Member Name

         8          0          0          0          0         68   __main.o
         0          0          0          0          0          0   __rtentry.o
        12          0          0          0          0          0   __rtentry2.o
         6          0          0          0          0          0   __rtentry4.o
        52          8          0          0          0          0   __scatter.o
        26          0          0          0          0          0   __scatter_copy.o
        28          0          0          0          0          0   __scatter_zi.o
        28          0          0          0          0         68   _chval.o
       158          0          0          0          0         92   _strtoul.o
        46          0          0          0          0         84   aeabi_atexit.o
        16          0          0          0          0         68   aeabi_memset4.o
        10          0          0          0          0         68   cxa_atexit.o
        66          0          0          0          0         84   cxa_finalize.o
        10          0          0          0          0         68   defsig_exit.o
        50          0          0          0          0         88   defsig_general.o
        80         58          0          0          0         76   defsig_rtmem_inner.o
        14          0          0          0          0         80   defsig_rtmem_outer.o
        18          0          0          0          0         80   exit.o
        94          0          0          0          0         80   h1_alloc.o
        52          0          0          0          0         68   h1_extend.o
        78          0          0          0          0         80   h1_free.o
        14          0          0          0          0         84   h1_init.o
         6          0          0          0          0        152   heapauxi.o
         4          0          0          0          0        136   hguard.o
         0          0          0          0          0          0   indicate_semi.o
        36          8          0          0          0         80   init_aeabi.o
       138          0          0          0          0        168   init_alloc.o
        44         10        272          0          0         76   lc_ctype_c.o
         2          0          0          0          0          0   libinit.o
        36          0          0          0          0          0   libinit2.o
         2          0          0          0          0          0   libshutdown.o
         8          0          0          0          0          0   libshutdown2.o
         8          4          0          0         96         68   libspace.o
         0          0          0          0          0          0   maybetermalloc1.o
        16          4          0          0          0         76   rt_ctype_table.o
         8          4          0          0          0         68   rt_ddtor_pointer_addr_intlibspace.o
         8          4          0          0          0         68   rt_errno_addr_intlibspace.o
         8          4          0          0          0         68   rt_heap_descriptor_intlibspace.o
         8          4          0          0          0         68   rt_locale_intlibspace.o
        78          0          0          0          0         80   rt_memclr_w.o
       138          0          0          0          0         68   rt_memcpy_v6.o
       100          0          0          0          0         80   rt_memcpy_w.o
         2          0          0          0          0          0   rtexit.o
        10          0          0          0          0          0   rtexit2.o
       124          0          0          0          0         88   strcmpv7m_pel.o
        32          0          0          0          0         80   strcspn.o
       150          0          0          0          0         80   strncmp.o
        28          0          0          0          0         80   strspn.o
        12          6          0          4          0         68   strtok.o
        68          4          0          0          0         84   strtok_int.o
       114          0          0          0          0         92   strtoul.o
        12          4          0          0          0         68   sys_exit.o
        74          0          0          0          0         80   sys_stackheap_outer.o
        14          0          0          0          0         76   sys_wrch.o
         2          0          0          0          0         68   use_no_semi.o
        26          0          0          0          0        116   fpinit.o
         4          0          0          0          0        380   new.cpp.o

    ----------------------------------------------------------------------
      2196        122        272          4         96       3852   Library Totals
        10          0          0          0          0          0   (incl. Padding)

    ----------------------------------------------------------------------

      Code (inc. data)   RO Data    RW Data    ZI Data      Debug   Library Name

      2156        122        272          4         96       3356   c_w.l
        26          0          0          0          0        116   fz_wv.l
         4          0          0          0          0        380   libcpp_w.l

    ----------------------------------------------------------------------
      2196        122        272          4         96       3852   Library Totals

    ----------------------------------------------------------------------

==============================================================================


      Code (inc. data)   RO Data    RW Data    ZI Data      Debug   

     54382        694     281082        292      61876     631876   Grand Totals
     54382        694     281082        292      61876     631876   ELF Image Totals
     54382        694     281082        292          0          0   ROM Totals

==============================================================================

    Total RO  Size (Code + RO Data)               335464 ( 327.60kB)
    Total RW  Size (RW Data + ZI Data)             62168 (  60.71kB)
    Total ROM Size (Code + RO Data + RW Data)     335756 ( 327.89kB)

==============================================================================

